Archive member included to satisfy reference by file (symbol)

/Applications/STM32CubeIDE.app/Contents/Eclipse/plugins/com.st.stm32cube.ide.mcu.externaltools.gnu-tools-for-stm32.12.3.rel1.macos64_1.0.100.202403111906/tools/bin/../lib/gcc/arm-none-eabi/12.3.1/../../../../arm-none-eabi/lib/thumb/v7-m/nofp/libc_nano.a(libc_a-exit.o)
                              /Applications/STM32CubeIDE.app/Contents/Eclipse/plugins/com.st.stm32cube.ide.mcu.externaltools.gnu-tools-for-stm32.12.3.rel1.macos64_1.0.100.202403111906/tools/bin/../lib/gcc/arm-none-eabi/12.3.1/../../../../arm-none-eabi/lib/thumb/v7-m/nofp/crt0.o (exit)
/Applications/STM32CubeIDE.app/Contents/Eclipse/plugins/com.st.stm32cube.ide.mcu.externaltools.gnu-tools-for-stm32.12.3.rel1.macos64_1.0.100.202403111906/tools/bin/../lib/gcc/arm-none-eabi/12.3.1/../../../../arm-none-eabi/lib/thumb/v7-m/nofp/libc_nano.a(libc_a-malloc.o)
                              ./Core/Src/aes.o (malloc)
/Applications/STM32CubeIDE.app/Contents/Eclipse/plugins/com.st.stm32cube.ide.mcu.externaltools.gnu-tools-for-stm32.12.3.rel1.macos64_1.0.100.202403111906/tools/bin/../lib/gcc/arm-none-eabi/12.3.1/../../../../arm-none-eabi/lib/thumb/v7-m/nofp/libc_nano.a(libc_a-mallocr.o)
                              /Applications/STM32CubeIDE.app/Contents/Eclipse/plugins/com.st.stm32cube.ide.mcu.externaltools.gnu-tools-for-stm32.12.3.rel1.macos64_1.0.100.202403111906/tools/bin/../lib/gcc/arm-none-eabi/12.3.1/../../../../arm-none-eabi/lib/thumb/v7-m/nofp/libc_nano.a(libc_a-malloc.o) (_malloc_r)
/Applications/STM32CubeIDE.app/Contents/Eclipse/plugins/com.st.stm32cube.ide.mcu.externaltools.gnu-tools-for-stm32.12.3.rel1.macos64_1.0.100.202403111906/tools/bin/../lib/gcc/arm-none-eabi/12.3.1/../../../../arm-none-eabi/lib/thumb/v7-m/nofp/libc_nano.a(libc_a-mlock.o)
                              /Applications/STM32CubeIDE.app/Contents/Eclipse/plugins/com.st.stm32cube.ide.mcu.externaltools.gnu-tools-for-stm32.12.3.rel1.macos64_1.0.100.202403111906/tools/bin/../lib/gcc/arm-none-eabi/12.3.1/../../../../arm-none-eabi/lib/thumb/v7-m/nofp/libc_nano.a(libc_a-mallocr.o) (__malloc_lock)
/Applications/STM32CubeIDE.app/Contents/Eclipse/plugins/com.st.stm32cube.ide.mcu.externaltools.gnu-tools-for-stm32.12.3.rel1.macos64_1.0.100.202403111906/tools/bin/../lib/gcc/arm-none-eabi/12.3.1/../../../../arm-none-eabi/lib/thumb/v7-m/nofp/libc_nano.a(libc_a-rand.o)
                              ./Core/Src/randombytes.o (rand)
/Applications/STM32CubeIDE.app/Contents/Eclipse/plugins/com.st.stm32cube.ide.mcu.externaltools.gnu-tools-for-stm32.12.3.rel1.macos64_1.0.100.202403111906/tools/bin/../lib/gcc/arm-none-eabi/12.3.1/../../../../arm-none-eabi/lib/thumb/v7-m/nofp/libc_nano.a(libc_a-findfp.o)
                              /Applications/STM32CubeIDE.app/Contents/Eclipse/plugins/com.st.stm32cube.ide.mcu.externaltools.gnu-tools-for-stm32.12.3.rel1.macos64_1.0.100.202403111906/tools/bin/../lib/gcc/arm-none-eabi/12.3.1/../../../../arm-none-eabi/lib/thumb/v7-m/nofp/libc_nano.a(libc_a-exit.o) (__stdio_exit_handler)
/Applications/STM32CubeIDE.app/Contents/Eclipse/plugins/com.st.stm32cube.ide.mcu.externaltools.gnu-tools-for-stm32.12.3.rel1.macos64_1.0.100.202403111906/tools/bin/../lib/gcc/arm-none-eabi/12.3.1/../../../../arm-none-eabi/lib/thumb/v7-m/nofp/libc_nano.a(libc_a-fwalk.o)
                              /Applications/STM32CubeIDE.app/Contents/Eclipse/plugins/com.st.stm32cube.ide.mcu.externaltools.gnu-tools-for-stm32.12.3.rel1.macos64_1.0.100.202403111906/tools/bin/../lib/gcc/arm-none-eabi/12.3.1/../../../../arm-none-eabi/lib/thumb/v7-m/nofp/libc_nano.a(libc_a-findfp.o) (_fwalk_sglue)
/Applications/STM32CubeIDE.app/Contents/Eclipse/plugins/com.st.stm32cube.ide.mcu.externaltools.gnu-tools-for-stm32.12.3.rel1.macos64_1.0.100.202403111906/tools/bin/../lib/gcc/arm-none-eabi/12.3.1/../../../../arm-none-eabi/lib/thumb/v7-m/nofp/libc_nano.a(libc_a-memset.o)
                              /Applications/STM32CubeIDE.app/Contents/Eclipse/plugins/com.st.stm32cube.ide.mcu.externaltools.gnu-tools-for-stm32.12.3.rel1.macos64_1.0.100.202403111906/tools/bin/../lib/gcc/arm-none-eabi/12.3.1/../../../../arm-none-eabi/lib/thumb/v7-m/nofp/crt0.o (memset)
/Applications/STM32CubeIDE.app/Contents/Eclipse/plugins/com.st.stm32cube.ide.mcu.externaltools.gnu-tools-for-stm32.12.3.rel1.macos64_1.0.100.202403111906/tools/bin/../lib/gcc/arm-none-eabi/12.3.1/../../../../arm-none-eabi/lib/thumb/v7-m/nofp/libc_nano.a(libc_a-impure.o)
                              /Applications/STM32CubeIDE.app/Contents/Eclipse/plugins/com.st.stm32cube.ide.mcu.externaltools.gnu-tools-for-stm32.12.3.rel1.macos64_1.0.100.202403111906/tools/bin/../lib/gcc/arm-none-eabi/12.3.1/../../../../arm-none-eabi/lib/thumb/v7-m/nofp/libc_nano.a(libc_a-malloc.o) (_impure_ptr)
[...]
Memory Configuration

Name             Origin             Length             Attributes
RAM              0x20000000         0x00014000         xrw
FLASH            0x08000000         0x00080000         xr
*default*        0x00000000         0xffffffff

Linker script and memory map

LOAD /Applications/STM32CubeIDE.app/Contents/Eclipse/plugins/com.st.stm32cube.ide.mcu.externaltools.gnu-tools-for-stm32.12.3.rel1.macos64_1.0.100.202403111906/tools/bin/../lib/gcc/arm-none-eabi/12.3.1/thumb/v7-m/nofp/crti.o
LOAD /Applications/STM32CubeIDE.app/Contents/Eclipse/plugins/com.st.stm32cube.ide.mcu.externaltools.gnu-tools-for-stm32.12.3.rel1.macos64_1.0.100.202403111906/tools/bin/../lib/gcc/arm-none-eabi/12.3.1/thumb/v7-m/nofp/crtbegin.o
LOAD /Applications/STM32CubeIDE.app/Contents/Eclipse/plugins/com.st.stm32cube.ide.mcu.externaltools.gnu-tools-for-stm32.12.3.rel1.macos64_1.0.100.202403111906/tools/bin/../lib/gcc/arm-none-eabi/12.3.1/../../../../arm-none-eabi/lib/thumb/v7-m/nofp/crt0.o
LOAD ./Core/Src/aes.o
LOAD ./Core/Src/code.o
LOAD ./Core/Src/fft.o
LOAD ./Core/Src/fips202.o
LOAD ./Core/Src/gf.o
LOAD ./Core/Src/gf2x.o
LOAD ./Core/Src/hqc.o
LOAD ./Core/Src/kem.o
LOAD ./Core/Src/main.o
LOAD ./Core/Src/nistseedexpander.o
LOAD ./Core/Src/parsing.o
LOAD ./Core/Src/randombytes.o
LOAD ./Core/Src/reed_muller.o
LOAD ./Core/Src/reed_solomon.o
LOAD ./Core/Src/sha2.o
LOAD ./Core/Src/shake_ds.o
LOAD ./Core/Src/shake_prng.o
LOAD ./Core/Src/sp800-185.o
LOAD ./Core/Src/stm32l1xx_hal_msp.o
LOAD ./Core/Src/stm32l1xx_it.o
LOAD ./Core/Src/syscalls.o
LOAD ./Core/Src/sysmem.o
LOAD ./Core/Src/system_stm32l1xx.o
LOAD ./Core/Src/vector.o
LOAD ./Core/Startup/startup_stm32l152retx.o
LOAD ./Drivers/STM32L1xx_HAL_Driver/Src/stm32l1xx_hal.o
LOAD ./Drivers/STM32L1xx_HAL_Driver/Src/stm32l1xx_hal_cortex.o
LOAD ./Drivers/STM32L1xx_HAL_Driver/Src/stm32l1xx_hal_dma.o
LOAD ./Drivers/STM32L1xx_HAL_Driver/Src/stm32l1xx_hal_exti.o
LOAD ./Drivers/STM32L1xx_HAL_Driver/Src/stm32l1xx_hal_flash.o
LOAD ./Drivers/STM32L1xx_HAL_Driver/Src/stm32l1xx_hal_flash_ex.o
LOAD ./Drivers/STM32L1xx_HAL_Driver/Src/stm32l1xx_hal_flash_ramfunc.o
LOAD ./Drivers/STM32L1xx_HAL_Driver/Src/stm32l1xx_hal_gpio.o
LOAD ./Drivers/STM32L1xx_HAL_Driver/Src/stm32l1xx_hal_pwr.o
LOAD ./Drivers/STM32L1xx_HAL_Driver/Src/stm32l1xx_hal_pwr_ex.o
LOAD ./Drivers/STM32L1xx_HAL_Driver/Src/stm32l1xx_hal_rcc.o
LOAD ./Drivers/STM32L1xx_HAL_Driver/Src/stm32l1xx_hal_rcc_ex.o
LOAD ./Drivers/STM32L1xx_HAL_Driver/Src/stm32l1xx_hal_tim.o
LOAD ./Drivers/STM32L1xx_HAL_Driver/Src/stm32l1xx_hal_tim_ex.o
LOAD ./Drivers/STM32L1xx_HAL_Driver/Src/stm32l1xx_hal_uart.o
START GROUP
LOAD /Applications/STM32CubeIDE.app/Contents/Eclipse/plugins/com.st.stm32cube.ide.mcu.externaltools.gnu-tools-for-stm32.12.3.rel1.macos64_1.0.100.202403111906/tools/bin/../lib/gcc/arm-none-eabi/12.3.1/../../../../arm-none-eabi/lib/thumb/v7-m/nofp/libc_nano.a
LOAD /Applications/STM32CubeIDE.app/Contents/Eclipse/plugins/com.st.stm32cube.ide.mcu.externaltools.gnu-tools-for-stm32.12.3.rel1.macos64_1.0.100.202403111906/tools/bin/../lib/gcc/arm-none-eabi/12.3.1/../../../../arm-none-eabi/lib/thumb/v7-m/nofp/libm.a
END GROUP
START GROUP
LOAD /Applications/STM32CubeIDE.app/Contents/Eclipse/plugins/com.st.stm32cube.ide.mcu.externaltools.gnu-tools-for-stm32.12.3.rel1.macos64_1.0.100.202403111906/tools/bin/../lib/gcc/arm-none-eabi/12.3.1/thumb/v7-m/nofp/libgcc.a
LOAD /Applications/STM32CubeIDE.app/Contents/Eclipse/plugins/com.st.stm32cube.ide.mcu.externaltools.gnu-tools-for-stm32.12.3.rel1.macos64_1.0.100.202403111906/tools/bin/../lib/gcc/arm-none-eabi/12.3.1/../../../../arm-none-eabi/lib/thumb/v7-m/nofp/libc_nano.a
END GROUP
START GROUP
LOAD /Applications/STM32CubeIDE.app/Contents/Eclipse/plugins/com.st.stm32cube.ide.mcu.externaltools.gnu-tools-for-stm32.12.3.rel1.macos64_1.0.100.202403111906/tools/bin/../lib/gcc/arm-none-eabi/12.3.1/thumb/v7-m/nofp/libgcc.a
LOAD /Applications/STM32CubeIDE.app/Contents/Eclipse/plugins/com.st.stm32cube.ide.mcu.externaltools.gnu-tools-for-stm32.12.3.rel1.macos64_1.0.100.202403111906/tools/bin/../lib/gcc/arm-none-eabi/12.3.1/../../../../arm-none-eabi/lib/thumb/v7-m/nofp/libc_nano.a
LOAD /Applications/STM32CubeIDE.app/Contents/Eclipse/plugins/com.st.stm32cube.ide.mcu.externaltools.gnu-tools-for-stm32.12.3.rel1.macos64_1.0.100.202403111906/tools/bin/../lib/gcc/arm-none-eabi/12.3.1/../../../../arm-none-eabi/lib/thumb/v7-m/nofp/libnosys.a
END GROUP
START GROUP
LOAD /Applications/STM32CubeIDE.app/Contents/Eclipse/plugins/com.st.stm32cube.ide.mcu.externaltools.gnu-tools-for-stm32.12.3.rel1.macos64_1.0.100.202403111906/tools/bin/../lib/gcc/arm-none-eabi/12.3.1/thumb/v7-m/nofp/libgcc.a
LOAD /Applications/STM32CubeIDE.app/Contents/Eclipse/plugins/com.st.stm32cube.ide.mcu.externaltools.gnu-tools-for-stm32.12.3.rel1.macos64_1.0.100.202403111906/tools/bin/../lib/gcc/arm-none-eabi/12.3.1/../../../../arm-none-eabi/lib/thumb/v7-m/nofp/libc_nano.a
LOAD /Applications/STM32CubeIDE.app/Contents/Eclipse/plugins/com.st.stm32cube.ide.mcu.externaltools.gnu-tools-for-stm32.12.3.rel1.macos64_1.0.100.202403111906/tools/bin/../lib/gcc/arm-none-eabi/12.3.1/../../../../arm-none-eabi/lib/thumb/v7-m/nofp/libnosys.a
END GROUP
LOAD /Applications/STM32CubeIDE.app/Contents/Eclipse/plugins/com.st.stm32cube.ide.mcu.externaltools.gnu-tools-for-stm32.12.3.rel1.macos64_1.0.100.202403111906/tools/bin/../lib/gcc/arm-none-eabi/12.3.1/thumb/v7-m/nofp/crtend.o
LOAD /Applications/STM32CubeIDE.app/Contents/Eclipse/plugins/com.st.stm32cube.ide.mcu.externaltools.gnu-tools-for-stm32.12.3.rel1.macos64_1.0.100.202403111906/tools/bin/../lib/gcc/arm-none-eabi/12.3.1/thumb/v7-m/nofp/crtn.o
                0x20014000                        _estack = (ORIGIN (RAM) + LENGTH (RAM))
                0x00000200                        _Min_Heap_Size = 0x200
                0x00000400                        _Min_Stack_Size = 0x400

.isr_vector     0x08000000      0x13c
                0x08000000                        . = ALIGN (0x4)
 *(.isr_vector)
 .isr_vector    0x08000000      0x13c ./Core/Startup/startup_stm32l152retx.o
                0x08000000                g_pfnVectors
                0x0800013c                        . = ALIGN (0x4)

.text           0x0800013c     0xb0a0
                0x0800013c                        . = ALIGN (0x4)
 *(.text)
 .text          0x0800013c       0x40 /Applications/STM32CubeIDE.app/Contents/Eclipse/plugins/com.st.stm32cube.ide.mcu.externaltools.gnu-tools-for-stm32.12.3.rel1.macos64_1.0.100.202403111906/tools/bin/../lib/gcc/arm-none-eabi/12.3.1/thumb/v7-m/nofp/crtbegin.o
 .text          0x0800017c       0x30 /Applications/STM32CubeIDE.app/Contents/Eclipse/plugins/com.st.stm32cube.ide.mcu.externaltools.gnu-tools-for-stm32.12.3.rel1.macos64_1.0.100.202403111906/tools/bin/../lib/gcc/arm-none-eabi/12.3.1/thumb/v7-m/nofp/libgcc.a(_aeabi_uldivmod.o)
                0x0800017c                __aeabi_uldivmod
 .text          0x080001ac      0x2b8 /Applications/STM32CubeIDE.app/Contents/Eclipse/plugins/com.st.stm32cube.ide.mcu.externaltools.gnu-tools-for-stm32.12.3.rel1.macos64_1.0.100.202403111906/tools/bin/../lib/gcc/arm-none-eabi/12.3.1/thumb/v7-m/nofp/libgcc.a(_udivmoddi4.o)
                0x080001ac                __udivmoddi4
 .text          0x08000464        0x4 /Applications/STM32CubeIDE.app/Contents/Eclipse/plugins/com.st.stm32cube.ide.mcu.externaltools.gnu-tools-for-stm32.12.3.rel1.macos64_1.0.100.202403111906/tools/bin/../lib/gcc/arm-none-eabi/12.3.1/thumb/v7-m/nofp/libgcc.a(_dvmd_tls.o)
                0x08000464                __aeabi_ldiv0
                0x08000464                __aeabi_idiv0
 *(.text*)
 .text.PQCLEAN_HQC128_CLEAN_code_encode
                0x08000468       0x3c ./Core/Src/code.o
                0x08000468                PQCLEAN_HQC128_CLEAN_code_encode
 .text.PQCLEAN_HQC128_CLEAN_code_decode
                0x080004a4       0x3c ./Core/Src/code.o
                0x080004a4                PQCLEAN_HQC128_CLEAN_code_decode
 .text.compute_fft_betas
                0x080004e0       0x3e ./Core/Src/fft.o
 .text.compute_subset_sums
                0x0800051e       0x78 ./Core/Src/fft.o
 *fill*         0x08000596        0x2 
 .text.radix    0x08000598      0x30c ./Core/Src/fft.o
 .text.radix_big
                0x080008a4      0x1a4 ./Core/Src/fft.o
 .text.fft_rec  0x08000a48      0x608 ./Core/Src/fft.o
 .text.PQCLEAN_HQC128_CLEAN_fft
                0x08001050      0x2c2 ./Core/Src/fft.o
                0x08001050                PQCLEAN_HQC128_CLEAN_fft
 *fill*         0x08001312        0x2 
 .text.PQCLEAN_HQC128_CLEAN_fft_retrieve_error_poly
                0x08001314      0x1e8 ./Core/Src/fft.o
                0x08001314                PQCLEAN_HQC128_CLEAN_fft_retrieve_error_poly
 .text.KeccakF1600_StatePermute
                0x080014fc     0x3304 ./Core/Src/fips202.o
 .text.keccak_inc_init
                0x08004800       0x4a ./Core/Src/fips202.o
 .text.keccak_inc_absorb
                0x0800484a      0x378 ./Core/Src/fips202.o
 .text.keccak_inc_finalize
                0x08004bc2      0x122 ./Core/Src/fips202.o
 .text.keccak_inc_squeeze
                0x08004ce4      0x1fe ./Core/Src/fips202.o
 .text.shake256_inc_init
                0x08004ee2       0x36 ./Core/Src/fips202.o
                0x08004ee2                shake256_inc_init
 .text.shake256_inc_absorb
                0x08004f18       0x22 ./Core/Src/fips202.o
                0x08004f18                shake256_inc_absorb
 .text.shake256_inc_finalize
                0x08004f3a       0x1e ./Core/Src/fips202.o
                0x08004f3a                shake256_inc_finalize
 .text.shake256_inc_squeeze
                0x08004f58       0x22 ./Core/Src/fips202.o
                0x08004f58                shake256_inc_squeeze
 .text.shake256_inc_ctx_release
                0x08004f7a       0x1a ./Core/Src/fips202.o
                0x08004f7a                shake256_inc_ctx_release
 .text.trailing_zero_bits_count
                0x08004f94       0x80 ./Core/Src/gf.o
 .text.gf_reduce
                0x08005014       0xfa ./Core/Src/gf.o
 .text.gf_carryless_mul
                0x0800510e      0x17c ./Core/Src/gf.o
 .text.PQCLEAN_HQC128_CLEAN_gf_mul
                0x0800528a       0x52 ./Core/Src/gf.o
                0x0800528a                PQCLEAN_HQC128_CLEAN_gf_mul
 .text.PQCLEAN_HQC128_CLEAN_gf_square
                0x080052dc       0x60 ./Core/Src/gf.o
                0x080052dc                PQCLEAN_HQC128_CLEAN_gf_square
 .text.PQCLEAN_HQC128_CLEAN_gf_inverse
                0x0800533c       0xb0 ./Core/Src/gf.o
                0x0800533c                PQCLEAN_HQC128_CLEAN_gf_inverse
 .text.base_mul
                0x080053ec      0x7ae ./Core/Src/gf2x.o
 .text.karatsuba_add1
                0x08005b9a       0xcc ./Core/Src/gf2x.o
 .text.karatsuba_add2
                0x08005c66       0xf8 ./Core/Src/gf2x.o
 .text.karatsuba
                0x08005d5e       0xd8 ./Core/Src/gf2x.o
 .text.reduce   0x08005e36       0xc0 ./Core/Src/gf2x.o
 .text.PQCLEAN_HQC128_CLEAN_vect_mul
                0x08005ef6       0xa0 ./Core/Src/gf2x.o
                0x08005ef6                PQCLEAN_HQC128_CLEAN_vect_mul
 .text.PQCLEAN_HQC128_CLEAN_hqc_pke_keygen
                0x08005f96      0x21c ./Core/Src/hqc.o
                0x08005f96                PQCLEAN_HQC128_CLEAN_hqc_pke_keygen
 .text.PQCLEAN_HQC128_CLEAN_hqc_pke_encrypt
                0x080061b2      0x262 ./Core/Src/hqc.o
                0x080061b2                PQCLEAN_HQC128_CLEAN_hqc_pke_encrypt
 .text.PQCLEAN_HQC128_CLEAN_hqc_pke_decrypt
                0x08006414      0x14a ./Core/Src/hqc.o
                0x08006414                PQCLEAN_HQC128_CLEAN_hqc_pke_decrypt
 .text.PQCLEAN_HQC128_CLEAN_crypto_kem_keypair
                0x0800655e       0x1c ./Core/Src/kem.o
                0x0800655e                PQCLEAN_HQC128_CLEAN_crypto_kem_keypair
 .text.PQCLEAN_HQC128_CLEAN_crypto_kem_enc
                0x0800657a      0x212 ./Core/Src/kem.o
                0x0800657a                PQCLEAN_HQC128_CLEAN_crypto_kem_enc
 .text.PQCLEAN_HQC128_CLEAN_crypto_kem_dec
                0x0800678c      0x3ba ./Core/Src/kem.o
                0x0800678c                PQCLEAN_HQC128_CLEAN_crypto_kem_dec
 .text.main     0x08006b46       0xd8 ./Core/Src/main.o
                0x08006b46                main
 *fill*         0x08006c1e        0x2 
 .text.SystemClock_Config
                0x08006c20       0x9c ./Core/Src/main.o
                0x08006c20                SystemClock_Config
 .text.MX_USART2_UART_Init
                0x08006cbc       0x54 ./Core/Src/main.o
 .text.MX_GPIO_Init
                0x08006d10       0xcc ./Core/Src/main.o
 .text.Error_Handler
                0x08006ddc        0xc ./Core/Src/main.o
                0x08006ddc                Error_Handler
 .text.load8    0x08006de8       0x7e ./Core/Src/parsing.o
 .text.PQCLEAN_HQC128_CLEAN_load8_arr
                0x08006e66      0x11c ./Core/Src/parsing.o
                0x08006e66                PQCLEAN_HQC128_CLEAN_load8_arr
 .text.PQCLEAN_HQC128_CLEAN_store8_arr
                0x08006f82       0x82 ./Core/Src/parsing.o
                0x08006f82                PQCLEAN_HQC128_CLEAN_store8_arr
 .text.PQCLEAN_HQC128_CLEAN_hqc_secret_key_to_string
                0x08007004       0x3e ./Core/Src/parsing.o
                0x08007004                PQCLEAN_HQC128_CLEAN_hqc_secret_key_to_string
 .text.PQCLEAN_HQC128_CLEAN_hqc_secret_key_from_string
                0x08007042       0x68 ./Core/Src/parsing.o
                0x08007042                PQCLEAN_HQC128_CLEAN_hqc_secret_key_from_string
 .text.PQCLEAN_HQC128_CLEAN_hqc_public_key_to_string
                0x080070aa       0x32 ./Core/Src/parsing.o
                0x080070aa                PQCLEAN_HQC128_CLEAN_hqc_public_key_to_string
 .text.PQCLEAN_HQC128_CLEAN_hqc_public_key_from_string
                0x080070dc       0x4c ./Core/Src/parsing.o
                0x080070dc                PQCLEAN_HQC128_CLEAN_hqc_public_key_from_string
 .text.PQCLEAN_HQC128_CLEAN_hqc_ciphertext_to_string
                0x08007128       0x4c ./Core/Src/parsing.o
                0x08007128                PQCLEAN_HQC128_CLEAN_hqc_ciphertext_to_string
 .text.PQCLEAN_HQC128_CLEAN_hqc_ciphertext_from_string
                0x08007174       0x4c ./Core/Src/parsing.o
                0x08007174                PQCLEAN_HQC128_CLEAN_hqc_ciphertext_from_string
 .text.PQCLEAN_randombytes
                0x080071c0       0x58 ./Core/Src/randombytes.o
                0x080071c0                PQCLEAN_randombytes
 .text.encode   0x08007218      0x14a ./Core/Src/reed_muller.o
 .text.hadamard
                0x08007362       0x98 ./Core/Src/reed_muller.o
 .text.expand_and_sum
                0x080073fa      0x112 ./Core/Src/reed_muller.o
 .text.find_peaks
                0x0800750c       0xc8 ./Core/Src/reed_muller.o
 .text.PQCLEAN_HQC128_CLEAN_reed_muller_encode
                0x080075d4       0x80 ./Core/Src/reed_muller.o
                0x080075d4                PQCLEAN_HQC128_CLEAN_reed_muller_encode
 .text.PQCLEAN_HQC128_CLEAN_reed_muller_decode
                0x08007654       0xae ./Core/Src/reed_muller.o
                0x08007654                PQCLEAN_HQC128_CLEAN_reed_muller_decode
 *fill*         0x08007702        0x2 
 .text.PQCLEAN_HQC128_CLEAN_reed_solomon_encode
                0x08007704      0x128 ./Core/Src/reed_solomon.o
                0x08007704                PQCLEAN_HQC128_CLEAN_reed_solomon_encode
 .text.compute_syndromes
                0x0800782c       0xa0 ./Core/Src/reed_solomon.o
 .text.compute_elp
                0x080078cc      0x2c4 ./Core/Src/reed_solomon.o
 .text.compute_roots
                0x08007b90       0x64 ./Core/Src/reed_solomon.o
 .text.compute_z_poly
                0x08007bf4      0x12e ./Core/Src/reed_solomon.o
 *fill*         0x08007d22        0x2 
 .text.compute_error_values
                0x08007d24      0x2cc ./Core/Src/reed_solomon.o
 .text.correct_errors
                0x08007ff0       0x48 ./Core/Src/reed_solomon.o
 .text.PQCLEAN_HQC128_CLEAN_reed_solomon_decode
                0x08008038      0x114 ./Core/Src/reed_solomon.o
                0x08008038                PQCLEAN_HQC128_CLEAN_reed_solomon_decode
 .text.PQCLEAN_HQC128_CLEAN_shake256_512_ds
                0x0800814c       0x48 ./Core/Src/shake_ds.o
                0x0800814c                PQCLEAN_HQC128_CLEAN_shake256_512_ds
 .text.PQCLEAN_HQC128_CLEAN_seedexpander_init
                0x08008194       0x3c ./Core/Src/shake_prng.o
                0x08008194                PQCLEAN_HQC128_CLEAN_seedexpander_init
 .text.PQCLEAN_HQC128_CLEAN_seedexpander
                0x080081d0       0x80 ./Core/Src/shake_prng.o
                0x080081d0                PQCLEAN_HQC128_CLEAN_seedexpander
 .text.PQCLEAN_HQC128_CLEAN_seedexpander_release
                0x08008250       0x16 ./Core/Src/shake_prng.o
                0x08008250                PQCLEAN_HQC128_CLEAN_seedexpander_release
 *fill*         0x08008266        0x2 
 .text.HAL_MspInit
                0x08008268       0x60 ./Core/Src/stm32l1xx_hal_msp.o
                0x08008268                HAL_MspInit
 .text.HAL_UART_MspInit
                0x080082c8       0x88 ./Core/Src/stm32l1xx_hal_msp.o
                0x080082c8                HAL_UART_MspInit
 .text.NMI_Handler
                0x08008350        0x8 ./Core/Src/stm32l1xx_it.o
                0x08008350                NMI_Handler
 .text.HardFault_Handler
                0x08008358        0x8 ./Core/Src/stm32l1xx_it.o
                0x08008358                HardFault_Handler
 .text.MemManage_Handler
                0x08008360        0x8 ./Core/Src/stm32l1xx_it.o
                0x08008360                MemManage_Handler
 .text.BusFault_Handler
                0x08008368        0x8 ./Core/Src/stm32l1xx_it.o
                0x08008368                BusFault_Handler
 .text.UsageFault_Handler
                0x08008370        0x8 ./Core/Src/stm32l1xx_it.o
                0x08008370                UsageFault_Handler
 .text.SVC_Handler
                0x08008378        0xc ./Core/Src/stm32l1xx_it.o
                0x08008378                SVC_Handler
 .text.DebugMon_Handler
                0x08008384        0xc ./Core/Src/stm32l1xx_it.o
                0x08008384                DebugMon_Handler
 .text.PendSV_Handler
                0x08008390        0xc ./Core/Src/stm32l1xx_it.o
                0x08008390                PendSV_Handler
 .text.SysTick_Handler
                0x0800839c        0xc ./Core/Src/stm32l1xx_it.o
                0x0800839c                SysTick_Handler
 .text._getpid  0x080083a8        0xe ./Core/Src/syscalls.o
                0x080083a8                _getpid
 .text._kill    0x080083b6       0x20 ./Core/Src/syscalls.o
                0x080083b6                _kill
 .text._exit    0x080083d6       0x16 ./Core/Src/syscalls.o
                0x080083d6                _exit
 .text._read    0x080083ec       0x3a ./Core/Src/syscalls.o
                0x080083ec                _read
 .text._write   0x08008426       0x38 ./Core/Src/syscalls.o
                0x08008426                _write
 .text._close   0x0800845e       0x16 ./Core/Src/syscalls.o
                0x0800845e                _close
 .text._fstat   0x08008474       0x1e ./Core/Src/syscalls.o
                0x08008474                _fstat
 .text._isatty  0x08008492       0x14 ./Core/Src/syscalls.o
                0x08008492                _isatty
 .text._lseek   0x080084a6       0x18 ./Core/Src/syscalls.o
                0x080084a6                _lseek
 *fill*         0x080084be        0x2 
 .text._sbrk    0x080084c0       0x6c ./Core/Src/sysmem.o
                0x080084c0                _sbrk
 .text.SystemInit
                0x0800852c        0xc ./Core/Src/system_stm32l1xx.o
                0x0800852c                SystemInit
 .text.compare_u32
                0x08008538       0x28 ./Core/Src/vector.o
 .text.single_bit_mask
                0x08008560       0xd0 ./Core/Src/vector.o
 .text.cond_sub
                0x08008630       0x2c ./Core/Src/vector.o
 .text.reduce   0x0800865c       0x74 ./Core/Src/vector.o
 .text.PQCLEAN_HQC128_CLEAN_vect_set_random_fixed_weight
                0x080086d0      0x43a ./Core/Src/vector.o
                0x080086d0                PQCLEAN_HQC128_CLEAN_vect_set_random_fixed_weight
 .text.PQCLEAN_HQC128_CLEAN_vect_set_random
                0x08008b0a       0x9a ./Core/Src/vector.o
                0x08008b0a                PQCLEAN_HQC128_CLEAN_vect_set_random
 .text.PQCLEAN_HQC128_CLEAN_vect_add
                0x08008ba4       0x5c ./Core/Src/vector.o
                0x08008ba4                PQCLEAN_HQC128_CLEAN_vect_add
 .text.PQCLEAN_HQC128_CLEAN_vect_compare
                0x08008c00       0x54 ./Core/Src/vector.o
                0x08008c00                PQCLEAN_HQC128_CLEAN_vect_compare
 .text.PQCLEAN_HQC128_CLEAN_vect_resize
                0x08008c54       0xba ./Core/Src/vector.o
                0x08008c54                PQCLEAN_HQC128_CLEAN_vect_resize
 *fill*         0x08008d0e        0x2 
 .text.Reset_Handler
                0x08008d10       0x48 ./Core/Startup/startup_stm32l152retx.o
                0x08008d10                Reset_Handler
 .text.Default_Handler
                0x08008d58        0x2 ./Core/Startup/startup_stm32l152retx.o
                0x08008d58                DMA2_Channel3_IRQHandler
                0x08008d58                EXTI2_IRQHandler
                0x08008d58                COMP_ACQ_IRQHandler
                0x08008d58                TIM10_IRQHandler
                0x08008d58                USB_HP_IRQHandler
                0x08008d58                TIM6_IRQHandler
                0x08008d58                PVD_IRQHandler
                0x08008d58                EXTI3_IRQHandler
                0x08008d58                EXTI0_IRQHandler
                0x08008d58                I2C2_EV_IRQHandler
                0x08008d58                SPI1_IRQHandler
                0x08008d58                USB_FS_WKUP_IRQHandler
                0x08008d58                DMA2_Channel2_IRQHandler
                0x08008d58                DMA1_Channel4_IRQHandler
                0x08008d58                ADC1_IRQHandler
                0x08008d58                USART3_IRQHandler
                0x08008d58                DMA1_Channel7_IRQHandler
                0x08008d58                LCD_IRQHandler
                0x08008d58                UART5_IRQHandler
                0x08008d58                TIM4_IRQHandler
                0x08008d58                DMA2_Channel1_IRQHandler
                0x08008d58                I2C1_EV_IRQHandler
                0x08008d58                DMA1_Channel6_IRQHandler
                0x08008d58                UART4_IRQHandler
                0x08008d58                DMA2_Channel4_IRQHandler
                0x08008d58                TIM3_IRQHandler
                0x08008d58                RCC_IRQHandler
                0x08008d58                DMA1_Channel1_IRQHandler
                0x08008d58                Default_Handler
                0x08008d58                EXTI15_10_IRQHandler
                0x08008d58                TIM7_IRQHandler
                0x08008d58                TIM5_IRQHandler
                0x08008d58                EXTI9_5_IRQHandler
                0x08008d58                TIM9_IRQHandler
                0x08008d58                TAMPER_STAMP_IRQHandler
                0x08008d58                RTC_WKUP_IRQHandler
                0x08008d58                SPI2_IRQHandler
                0x08008d58                DMA2_Channel5_IRQHandler
                0x08008d58                DMA1_Channel5_IRQHandler
                0x08008d58                USB_LP_IRQHandler
                0x08008d58                EXTI4_IRQHandler
                0x08008d58                DMA1_Channel3_IRQHandler
                0x08008d58                COMP_IRQHandler
                0x08008d58                WWDG_IRQHandler
                0x08008d58                TIM2_IRQHandler
                0x08008d58                DAC_IRQHandler
                0x08008d58                EXTI1_IRQHandler
                0x08008d58                TIM11_IRQHandler
                0x08008d58                USART2_IRQHandler
                0x08008d58                I2C2_ER_IRQHandler
                0x08008d58                DMA1_Channel2_IRQHandler
                0x08008d58                FLASH_IRQHandler
                0x08008d58                USART1_IRQHandler
                0x08008d58                SPI3_IRQHandler
                0x08008d58                I2C1_ER_IRQHandler
                0x08008d58                RTC_Alarm_IRQHandler
 .text.HAL_Init
                0x08008d5a       0x30 ./Drivers/STM32L1xx_HAL_Driver/Src/stm32l1xx_hal.o
                0x08008d5a                HAL_Init
 *fill*         0x08008d8a        0x2 
 .text.HAL_InitTick
                0x08008d8c       0x74 ./Drivers/STM32L1xx_HAL_Driver/Src/stm32l1xx_hal.o
                0x08008d8c                HAL_InitTick
 .text.HAL_IncTick
                0x08008e00       0x24 ./Drivers/STM32L1xx_HAL_Driver/Src/stm32l1xx_hal.o
                0x08008e00                HAL_IncTick
 .text.HAL_GetTick
                0x08008e24       0x14 ./Drivers/STM32L1xx_HAL_Driver/Src/stm32l1xx_hal.o
                0x08008e24                HAL_GetTick
 .text.__NVIC_SetPriorityGrouping
                0x08008e38       0x48 ./Drivers/STM32L1xx_HAL_Driver/Src/stm32l1xx_hal_cortex.o
 .text.__NVIC_GetPriorityGrouping
                0x08008e80       0x1c ./Drivers/STM32L1xx_HAL_Driver/Src/stm32l1xx_hal_cortex.o
 .text.__NVIC_SetPriority
                0x08008e9c       0x54 ./Drivers/STM32L1xx_HAL_Driver/Src/stm32l1xx_hal_cortex.o
 .text.NVIC_EncodePriority
                0x08008ef0       0x64 ./Drivers/STM32L1xx_HAL_Driver/Src/stm32l1xx_hal_cortex.o
 .text.SysTick_Config
                0x08008f54       0x44 ./Drivers/STM32L1xx_HAL_Driver/Src/stm32l1xx_hal_cortex.o
 .text.HAL_NVIC_SetPriorityGrouping
                0x08008f98       0x16 ./Drivers/STM32L1xx_HAL_Driver/Src/stm32l1xx_hal_cortex.o
                0x08008f98                HAL_NVIC_SetPriorityGrouping
 .text.HAL_NVIC_SetPriority
                0x08008fae       0x38 ./Drivers/STM32L1xx_HAL_Driver/Src/stm32l1xx_hal_cortex.o
                0x08008fae                HAL_NVIC_SetPriority
 .text.HAL_SYSTICK_Config
                0x08008fe6       0x18 ./Drivers/STM32L1xx_HAL_Driver/Src/stm32l1xx_hal_cortex.o
                0x08008fe6                HAL_SYSTICK_Config
 *fill*         0x08008ffe        0x2 
 .text.HAL_GPIO_Init
                0x08009000      0x320 ./Drivers/STM32L1xx_HAL_Driver/Src/stm32l1xx_hal_gpio.o
                0x08009000                HAL_GPIO_Init
 .text.HAL_GPIO_WritePin
                0x08009320       0x30 ./Drivers/STM32L1xx_HAL_Driver/Src/stm32l1xx_hal_gpio.o
                0x08009320                HAL_GPIO_WritePin
 .text.HAL_RCC_OscConfig
                0x08009350      0x660 ./Drivers/STM32L1xx_HAL_Driver/Src/stm32l1xx_hal_rcc.o
                0x08009350                HAL_RCC_OscConfig
 .text.HAL_RCC_ClockConfig
                0x080099b0      0x268 ./Drivers/STM32L1xx_HAL_Driver/Src/stm32l1xx_hal_rcc.o
                0x080099b0                HAL_RCC_ClockConfig
 .text.HAL_RCC_GetSysClockFreq
                0x08009c18      0x200 ./Drivers/STM32L1xx_HAL_Driver/Src/stm32l1xx_hal_rcc.o
                0x08009c18                HAL_RCC_GetSysClockFreq
 .text.HAL_RCC_GetHCLKFreq
                0x08009e18       0x14 ./Drivers/STM32L1xx_HAL_Driver/Src/stm32l1xx_hal_rcc.o
                0x08009e18                HAL_RCC_GetHCLKFreq
 .text.HAL_RCC_GetPCLK1Freq
                0x08009e2c       0x28 ./Drivers/STM32L1xx_HAL_Driver/Src/stm32l1xx_hal_rcc.o
                0x08009e2c                HAL_RCC_GetPCLK1Freq
 .text.HAL_RCC_GetPCLK2Freq
                0x08009e54       0x28 ./Drivers/STM32L1xx_HAL_Driver/Src/stm32l1xx_hal_rcc.o
                0x08009e54                HAL_RCC_GetPCLK2Freq
 .text.RCC_SetFlashLatencyFromMSIRange
                0x08009e7c       0xc0 ./Drivers/STM32L1xx_HAL_Driver/Src/stm32l1xx_hal_rcc.o
 .text.HAL_UART_Init
                0x08009f3c       0xa0 ./Drivers/STM32L1xx_HAL_Driver/Src/stm32l1xx_hal_uart.o
                0x08009f3c                HAL_UART_Init
 .text.UART_SetConfig
                0x08009fdc      0x1c8 ./Drivers/STM32L1xx_HAL_Driver/Src/stm32l1xx_hal_uart.o
 .text.exit     0x0800a1a4       0x24 /Applications/STM32CubeIDE.app/Contents/Eclipse/plugins/com.st.stm32cube.ide.mcu.externaltools.gnu-tools-for-stm32.12.3.rel1.macos64_1.0.100.202403111906/tools/bin/../lib/gcc/arm-none-eabi/12.3.1/../../../../arm-none-eabi/lib/thumb/v7-m/nofp/libc_nano.a(libc_a-exit.o)
                0x0800a1a4                exit
 .text.malloc   0x0800a1c8       0x10 /Applications/STM32CubeIDE.app/Contents/Eclipse/plugins/com.st.stm32cube.ide.mcu.externaltools.gnu-tools-for-stm32.12.3.rel1.macos64_1.0.100.202403111906/tools/bin/../lib/gcc/arm-none-eabi/12.3.1/../../../../arm-none-eabi/lib/thumb/v7-m/nofp/libc_nano.a(libc_a-malloc.o)
                0x0800a1c8                malloc
 .text.free     0x0800a1d8       0x10 /Applications/STM32CubeIDE.app/Contents/Eclipse/plugins/com.st.stm32cube.ide.mcu.externaltools.gnu-tools-for-stm32.12.3.rel1.macos64_1.0.100.202403111906/tools/bin/../lib/gcc/arm-none-eabi/12.3.1/../../../../arm-none-eabi/lib/thumb/v7-m/nofp/libc_nano.a(libc_a-malloc.o)
                0x0800a1d8                free
 .text.sbrk_aligned
                0x0800a1e8       0x44 /Applications/STM32CubeIDE.app/Contents/Eclipse/plugins/com.st.stm32cube.ide.mcu.externaltools.gnu-tools-for-stm32.12.3.rel1.macos64_1.0.100.202403111906/tools/bin/../lib/gcc/arm-none-eabi/12.3.1/../../../../arm-none-eabi/lib/thumb/v7-m/nofp/libc_nano.a(libc_a-mallocr.o)
 .text._malloc_r
                0x0800a22c      0x100 /Applications/STM32CubeIDE.app/Contents/Eclipse/plugins/com.st.stm32cube.ide.mcu.externaltools.gnu-tools-for-stm32.12.3.rel1.macos64_1.0.100.202403111906/tools/bin/../lib/gcc/arm-none-eabi/12.3.1/../../../../arm-none-eabi/lib/thumb/v7-m/nofp/libc_nano.a(libc_a-mallocr.o)
                0x0800a22c                _malloc_r
 .text.__malloc_lock
                0x0800a32c        0xc /Applications/STM32CubeIDE.app/Contents/Eclipse/plugins/com.st.stm32cube.ide.mcu.externaltools.gnu-tools-for-stm32.12.3.rel1.macos64_1.0.100.202403111906/tools/bin/../lib/gcc/arm-none-eabi/12.3.1/../../../../arm-none-eabi/lib/thumb/v7-m/nofp/libc_nano.a(libc_a-mlock.o)
                0x0800a32c                __malloc_lock
 .text.__malloc_unlock
                0x0800a338        0xc /Applications/STM32CubeIDE.app/Contents/Eclipse/plugins/com.st.stm32cube.ide.mcu.externaltools.gnu-tools-for-stm32.12.3.rel1.macos64_1.0.100.202403111906/tools/bin/../lib/gcc/arm-none-eabi/12.3.1/../../../../arm-none-eabi/lib/thumb/v7-m/nofp/libc_nano.a(libc_a-mlock.o)
                0x0800a338                __malloc_unlock
 .text.rand     0x0800a344       0x7c /Applications/STM32CubeIDE.app/Contents/Eclipse/plugins/com.st.stm32cube.ide.mcu.externaltools.gnu-tools-for-stm32.12.3.rel1.macos64_1.0.100.202403111906/tools/bin/../lib/gcc/arm-none-eabi/12.3.1/../../../../arm-none-eabi/lib/thumb/v7-m/nofp/libc_nano.a(libc_a-rand.o)
                0x0800a344                rand
 .text.std      0x0800a3c0       0x6c /Applications/STM32CubeIDE.app/Contents/Eclipse/plugins/com.st.stm32cube.ide.mcu.externaltools.gnu-tools-for-stm32.12.3.rel1.macos64_1.0.100.202403111906/tools/bin/../lib/gcc/arm-none-eabi/12.3.1/../../../../arm-none-eabi/lib/thumb/v7-m/nofp/libc_nano.a(libc_a-findfp.o)
 .text.stdio_exit_handler
                0x0800a42c       0x18 /Applications/STM32CubeIDE.app/Contents/Eclipse/plugins/com.st.stm32cube.ide.mcu.externaltools.gnu-tools-for-stm32.12.3.rel1.macos64_1.0.100.202403111906/tools/bin/../lib/gcc/arm-none-eabi/12.3.1/../../../../arm-none-eabi/lib/thumb/v7-m/nofp/libc_nano.a(libc_a-findfp.o)
 .text.cleanup_stdio
                0x0800a444       0x40 /Applications/STM32CubeIDE.app/Contents/Eclipse/plugins/com.st.stm32cube.ide.mcu.externaltools.gnu-tools-for-stm32.12.3.rel1.macos64_1.0.100.202403111906/tools/bin/../lib/gcc/arm-none-eabi/12.3.1/../../../../arm-none-eabi/lib/thumb/v7-m/nofp/libc_nano.a(libc_a-findfp.o)
 .text.global_stdio_init.part.0
                0x0800a484       0x3c /Applications/STM32CubeIDE.app/Contents/Eclipse/plugins/com.st.stm32cube.ide.mcu.externaltools.gnu-tools-for-stm32.12.3.rel1.macos64_1.0.100.202403111906/tools/bin/../lib/gcc/arm-none-eabi/12.3.1/../../../../arm-none-eabi/lib/thumb/v7-m/nofp/libc_nano.a(libc_a-findfp.o)
 .text.__sfp_lock_acquire
                0x0800a4c0        0xc /Applications/STM32CubeIDE.app/Contents/Eclipse/plugins/com.st.stm32cube.ide.mcu.externaltools.gnu-tools-for-stm32.12.3.rel1.macos64_1.0.100.202403111906/tools/bin/../lib/gcc/arm-none-eabi/12.3.1/../../../../arm-none-eabi/lib/thumb/v7-m/nofp/libc_nano.a(libc_a-findfp.o)
                0x0800a4c0                __sfp_lock_acquire
 .text.__sfp_lock_release
                0x0800a4cc        0xc /Applications/STM32CubeIDE.app/Contents/Eclipse/plugins/com.st.stm32cube.ide.mcu.externaltools.gnu-tools-for-stm32.12.3.rel1.macos64_1.0.100.202403111906/tools/bin/../lib/gcc/arm-none-eabi/12.3.1/../../../../arm-none-eabi/lib/thumb/v7-m/nofp/libc_nano.a(libc_a-findfp.o)
                0x0800a4cc                __sfp_lock_release
 .text.__sinit  0x0800a4d8       0x30 /Applications/STM32CubeIDE.app/Contents/Eclipse/plugins/com.st.stm32cube.ide.mcu.externaltools.gnu-tools-for-stm32.12.3.rel1.macos64_1.0.100.202403111906/tools/bin/../lib/gcc/arm-none-eabi/12.3.1/../../../../arm-none-eabi/lib/thumb/v7-m/nofp/libc_nano.a(libc_a-findfp.o)
                0x0800a4d8                __sinit
 .text._fwalk_sglue
                0x0800a508       0x3c /Applications/STM32CubeIDE.app/Contents/Eclipse/plugins/com.st.stm32cube.ide.mcu.externaltools.gnu-tools-for-stm32.12.3.rel1.macos64_1.0.100.202403111906/tools/bin/../lib/gcc/arm-none-eabi/12.3.1/../../../../arm-none-eabi/lib/thumb/v7-m/nofp/libc_nano.a(libc_a-fwalk.o)
                0x0800a508                _fwalk_sglue
 .text.memset   0x0800a544       0x10 /Applications/STM32CubeIDE.app/Contents/Eclipse/plugins/com.st.stm32cube.ide.mcu.externaltools.gnu-tools-for-stm32.12.3.rel1.macos64_1.0.100.202403111906/tools/bin/../lib/gcc/arm-none-eabi/12.3.1/../../../../arm-none-eabi/lib/thumb/v7-m/nofp/libc_nano.a(libc_a-memset.o)
                0x0800a544                memset
 .text._sbrk_r  0x0800a554       0x20 /Applications/STM32CubeIDE.app/Contents/Eclipse/plugins/com.st.stm32cube.ide.mcu.externaltools.gnu-tools-for-stm32.12.3.rel1.macos64_1.0.100.202403111906/tools/bin/../lib/gcc/arm-none-eabi/12.3.1/../../../../arm-none-eabi/lib/thumb/v7-m/nofp/libc_nano.a(libc_a-sbrkr.o)
                0x0800a554                _sbrk_r
 .text.__errno  0x0800a574        0xc /Applications/STM32CubeIDE.app/Contents/Eclipse/plugins/com.st.stm32cube.ide.mcu.externaltools.gnu-tools-for-stm32.12.3.rel1.macos64_1.0.100.202403111906/tools/bin/../lib/gcc/arm-none-eabi/12.3.1/../../../../arm-none-eabi/lib/thumb/v7-m/nofp/libc_nano.a(libc_a-errno.o)
                0x0800a574                __errno
 .text.__libc_init_array
                0x0800a580       0x48 /Applications/STM32CubeIDE.app/Contents/Eclipse/plugins/com.st.stm32cube.ide.mcu.externaltools.gnu-tools-for-stm32.12.3.rel1.macos64_1.0.100.202403111906/tools/bin/../lib/gcc/arm-none-eabi/12.3.1/../../../../arm-none-eabi/lib/thumb/v7-m/nofp/libc_nano.a(libc_a-init.o)
                0x0800a580                __libc_init_array
 .text.__retarget_lock_init_recursive
                0x0800a5c8        0x2 /Applications/STM32CubeIDE.app/Contents/Eclipse/plugins/com.st.stm32cube.ide.mcu.externaltools.gnu-tools-for-stm32.12.3.rel1.macos64_1.0.100.202403111906/tools/bin/../lib/gcc/arm-none-eabi/12.3.1/../../../../arm-none-eabi/lib/thumb/v7-m/nofp/libc_nano.a(libc_a-lock.o)
                0x0800a5c8                __retarget_lock_init_recursive
 .text.__retarget_lock_acquire_recursive
                0x0800a5ca        0x2 /Applications/STM32CubeIDE.app/Contents/Eclipse/plugins/com.st.stm32cube.ide.mcu.externaltools.gnu-tools-for-stm32.12.3.rel1.macos64_1.0.100.202403111906/tools/bin/../lib/gcc/arm-none-eabi/12.3.1/../../../../arm-none-eabi/lib/thumb/v7-m/nofp/libc_nano.a(libc_a-lock.o)
                0x0800a5ca                __retarget_lock_acquire_recursive
 .text.__retarget_lock_release_recursive
                0x0800a5cc        0x2 /Applications/STM32CubeIDE.app/Contents/Eclipse/plugins/com.st.stm32cube.ide.mcu.externaltools.gnu-tools-for-stm32.12.3.rel1.macos64_1.0.100.202403111906/tools/bin/../lib/gcc/arm-none-eabi/12.3.1/../../../../arm-none-eabi/lib/thumb/v7-m/nofp/libc_nano.a(libc_a-lock.o)
                0x0800a5cc                __retarget_lock_release_recursive
 .text.memcpy   0x0800a5ce       0x1c /Applications/STM32CubeIDE.app/Contents/Eclipse/plugins/com.st.stm32cube.ide.mcu.externaltools.gnu-tools-for-stm32.12.3.rel1.macos64_1.0.100.202403111906/tools/bin/../lib/gcc/arm-none-eabi/12.3.1/../../../../arm-none-eabi/lib/thumb/v7-m/nofp/libc_nano.a(libc_a-memcpy-stub.o)
                0x0800a5ce                memcpy
 *fill*         0x0800a5ea        0x2 
 .text.__assert_func
                0x0800a5ec       0x3c /Applications/STM32CubeIDE.app/Contents/Eclipse/plugins/com.st.stm32cube.ide.mcu.externaltools.gnu-tools-for-stm32.12.3.rel1.macos64_1.0.100.202403111906/tools/bin/../lib/gcc/arm-none-eabi/12.3.1/../../../../arm-none-eabi/lib/thumb/v7-m/nofp/libc_nano.a(libc_a-assert.o)
                0x0800a5ec                __assert_func
 .text._free_r  0x0800a628       0x90 /Applications/STM32CubeIDE.app/Contents/Eclipse/plugins/com.st.stm32cube.ide.mcu.externaltools.gnu-tools-for-stm32.12.3.rel1.macos64_1.0.100.202403111906/tools/bin/../lib/gcc/arm-none-eabi/12.3.1/../../../../arm-none-eabi/lib/thumb/v7-m/nofp/libc_nano.a(libc_a-freer.o)
                0x0800a628                _free_r
 .text.__sflush_r
                0x0800a6b8      0x100 /Applications/STM32CubeIDE.app/Contents/Eclipse/plugins/com.st.stm32cube.ide.mcu.externaltools.gnu-tools-for-stm32.12.3.rel1.macos64_1.0.100.202403111906/tools/bin/../lib/gcc/arm-none-eabi/12.3.1/../../../../arm-none-eabi/lib/thumb/v7-m/nofp/libc_nano.a(libc_a-fflush.o)
                0x0800a6b8                __sflush_r
 .text._fflush_r
                0x0800a7b8       0x50 /Applications/STM32CubeIDE.app/Contents/Eclipse/plugins/com.st.stm32cube.ide.mcu.externaltools.gnu-tools-for-stm32.12.3.rel1.macos64_1.0.100.202403111906/tools/bin/../lib/gcc/arm-none-eabi/12.3.1/../../../../arm-none-eabi/lib/thumb/v7-m/nofp/libc_nano.a(libc_a-fflush.o)
                0x0800a7b8                _fflush_r
 .text.__sread  0x0800a808       0x22 /Applications/STM32CubeIDE.app/Contents/Eclipse/plugins/com.st.stm32cube.ide.mcu.externaltools.gnu-tools-for-stm32.12.3.rel1.macos64_1.0.100.202403111906/tools/bin/../lib/gcc/arm-none-eabi/12.3.1/../../../../arm-none-eabi/lib/thumb/v7-m/nofp/libc_nano.a(libc_a-stdio.o)
                0x0800a808                __sread
 .text.__swrite
                0x0800a82a       0x38 /Applications/STM32CubeIDE.app/Contents/Eclipse/plugins/com.st.stm32cube.ide.mcu.externaltools.gnu-tools-for-stm32.12.3.rel1.macos64_1.0.100.202403111906/tools/bin/../lib/gcc/arm-none-eabi/12.3.1/../../../../arm-none-eabi/lib/thumb/v7-m/nofp/libc_nano.a(libc_a-stdio.o)
                0x0800a82a                __swrite
 .text.__sseek  0x0800a862       0x24 /Applications/STM32CubeIDE.app/Contents/Eclipse/plugins/com.st.stm32cube.ide.mcu.externaltools.gnu-tools-for-stm32.12.3.rel1.macos64_1.0.100.202403111906/tools/bin/../lib/gcc/arm-none-eabi/12.3.1/../../../../arm-none-eabi/lib/thumb/v7-m/nofp/libc_nano.a(libc_a-stdio.o)
                0x0800a862                __sseek
 .text.__sclose
                0x0800a886        0x8 /Applications/STM32CubeIDE.app/Contents/Eclipse/plugins/com.st.stm32cube.ide.mcu.externaltools.gnu-tools-for-stm32.12.3.rel1.macos64_1.0.100.202403111906/tools/bin/../lib/gcc/arm-none-eabi/12.3.1/../../../../arm-none-eabi/lib/thumb/v7-m/nofp/libc_nano.a(libc_a-stdio.o)
                0x0800a886                __sclose
 *fill*         0x0800a88e        0x2 
 .text.fprintf  0x0800a890       0x24 /Applications/STM32CubeIDE.app/Contents/Eclipse/plugins/com.st.stm32cube.ide.mcu.externaltools.gnu-tools-for-stm32.12.3.rel1.macos64_1.0.100.202403111906/tools/bin/../lib/gcc/arm-none-eabi/12.3.1/../../../../arm-none-eabi/lib/thumb/v7-m/nofp/libc_nano.a(libc_a-fprintf.o)
                0x0800a890                fprintf
                0x0800a890                fiprintf
 .text._close_r
                0x0800a8b4       0x20 /Applications/STM32CubeIDE.app/Contents/Eclipse/plugins/com.st.stm32cube.ide.mcu.externaltools.gnu-tools-for-stm32.12.3.rel1.macos64_1.0.100.202403111906/tools/bin/../lib/gcc/arm-none-eabi/12.3.1/../../../../arm-none-eabi/lib/thumb/v7-m/nofp/libc_nano.a(libc_a-closer.o)
                0x0800a8b4                _close_r
 .text._lseek_r
                0x0800a8d4       0x24 /Applications/STM32CubeIDE.app/Contents/Eclipse/plugins/com.st.stm32cube.ide.mcu.externaltools.gnu-tools-for-stm32.12.3.rel1.macos64_1.0.100.202403111906/tools/bin/../lib/gcc/arm-none-eabi/12.3.1/../../../../arm-none-eabi/lib/thumb/v7-m/nofp/libc_nano.a(libc_a-lseekr.o)
                0x0800a8d4                _lseek_r
 .text._read_r  0x0800a8f8       0x24 /Applications/STM32CubeIDE.app/Contents/Eclipse/plugins/com.st.stm32cube.ide.mcu.externaltools.gnu-tools-for-stm32.12.3.rel1.macos64_1.0.100.202403111906/tools/bin/../lib/gcc/arm-none-eabi/12.3.1/../../../../arm-none-eabi/lib/thumb/v7-m/nofp/libc_nano.a(libc_a-readr.o)
                0x0800a8f8                _read_r
 .text._write_r
                0x0800a91c       0x24 /Applications/STM32CubeIDE.app/Contents/Eclipse/plugins/com.st.stm32cube.ide.mcu.externaltools.gnu-tools-for-stm32.12.3.rel1.macos64_1.0.100.202403111906/tools/bin/../lib/gcc/arm-none-eabi/12.3.1/../../../../arm-none-eabi/lib/thumb/v7-m/nofp/libc_nano.a(libc_a-writer.o)
                0x0800a91c                _write_r
 .text.abort    0x0800a940        0xe /Applications/STM32CubeIDE.app/Contents/Eclipse/plugins/com.st.stm32cube.ide.mcu.externaltools.gnu-tools-for-stm32.12.3.rel1.macos64_1.0.100.202403111906/tools/bin/../lib/gcc/arm-none-eabi/12.3.1/../../../../arm-none-eabi/lib/thumb/v7-m/nofp/libc_nano.a(libc_a-abort.o)
                0x0800a940                abort
 .text.__sfputc_r
                0x0800a94e       0x2a /Applications/STM32CubeIDE.app/Contents/Eclipse/plugins/com.st.stm32cube.ide.mcu.externaltools.gnu-tools-for-stm32.12.3.rel1.macos64_1.0.100.202403111906/tools/bin/../lib/gcc/arm-none-eabi/12.3.1/../../../../arm-none-eabi/lib/thumb/v7-m/nofp/libc_nano.a(libc_a-nano-vfprintf.o)
 .text.__sfputs_r
                0x0800a978       0x24 /Applications/STM32CubeIDE.app/Contents/Eclipse/plugins/com.st.stm32cube.ide.mcu.externaltools.gnu-tools-for-stm32.12.3.rel1.macos64_1.0.100.202403111906/tools/bin/../lib/gcc/arm-none-eabi/12.3.1/../../../../arm-none-eabi/lib/thumb/v7-m/nofp/libc_nano.a(libc_a-nano-vfprintf.o)
                0x0800a978                __sfputs_r
 .text._vfprintf_r
                0x0800a99c      0x230 /Applications/STM32CubeIDE.app/Contents/Eclipse/plugins/com.st.stm32cube.ide.mcu.externaltools.gnu-tools-for-stm32.12.3.rel1.macos64_1.0.100.202403111906/tools/bin/../lib/gcc/arm-none-eabi/12.3.1/../../../../arm-none-eabi/lib/thumb/v7-m/nofp/libc_nano.a(libc_a-nano-vfprintf.o)
                0x0800a99c                _vfiprintf_r
                0x0800a99c                _vfprintf_r
 .text._printf_common
                0x0800abcc       0xe4 /Applications/STM32CubeIDE.app/Contents/Eclipse/plugins/com.st.stm32cube.ide.mcu.externaltools.gnu-tools-for-stm32.12.3.rel1.macos64_1.0.100.202403111906/tools/bin/../lib/gcc/arm-none-eabi/12.3.1/../../../../arm-none-eabi/lib/thumb/v7-m/nofp/libc_nano.a(libc_a-nano-vfprintf_i.o)
                0x0800abcc                _printf_common
 .text._printf_i
                0x0800acb0      0x240 /Applications/STM32CubeIDE.app/Contents/Eclipse/plugins/com.st.stm32cube.ide.mcu.externaltools.gnu-tools-for-stm32.12.3.rel1.macos64_1.0.100.202403111906/tools/bin/../lib/gcc/arm-none-eabi/12.3.1/../../../../arm-none-eabi/lib/thumb/v7-m/nofp/libc_nano.a(libc_a-nano-vfprintf_i.o)
                0x0800acb0                _printf_i
 .text.__swbuf_r
                0x0800aef0       0x7c /Applications/STM32CubeIDE.app/Contents/Eclipse/plugins/com.st.stm32cube.ide.mcu.externaltools.gnu-tools-for-stm32.12.3.rel1.macos64_1.0.100.202403111906/tools/bin/../lib/gcc/arm-none-eabi/12.3.1/../../../../arm-none-eabi/lib/thumb/v7-m/nofp/libc_nano.a(libc_a-wbuf.o)
                0x0800aef0                __swbuf_r
 .text.__swsetup_r
                0x0800af6c       0xac /Applications/STM32CubeIDE.app/Contents/Eclipse/plugins/com.st.stm32cube.ide.mcu.externaltools.gnu-tools-for-stm32.12.3.rel1.macos64_1.0.100.202403111906/tools/bin/../lib/gcc/arm-none-eabi/12.3.1/../../../../arm-none-eabi/lib/thumb/v7-m/nofp/libc_nano.a(libc_a-wsetup.o)
                0x0800af6c                __swsetup_r
 .text.__swhatbuf_r
                0x0800b018       0x4a /Applications/STM32CubeIDE.app/Contents/Eclipse/plugins/com.st.stm32cube.ide.mcu.externaltools.gnu-tools-for-stm32.12.3.rel1.macos64_1.0.100.202403111906/tools/bin/../lib/gcc/arm-none-eabi/12.3.1/../../../../arm-none-eabi/lib/thumb/v7-m/nofp/libc_nano.a(libc_a-makebuf.o)
                0x0800b018                __swhatbuf_r
 .text.__smakebuf_r
                0x0800b062       0x78 /Applications/STM32CubeIDE.app/Contents/Eclipse/plugins/com.st.stm32cube.ide.mcu.externaltools.gnu-tools-for-stm32.12.3.rel1.macos64_1.0.100.202403111906/tools/bin/../lib/gcc/arm-none-eabi/12.3.1/../../../../arm-none-eabi/lib/thumb/v7-m/nofp/libc_nano.a(libc_a-makebuf.o)
                0x0800b062                __smakebuf_r
 *fill*         0x0800b0da        0x2 
 .text._fstat_r
                0x0800b0dc       0x24 /Applications/STM32CubeIDE.app/Contents/Eclipse/plugins/com.st.stm32cube.ide.mcu.externaltools.gnu-tools-for-stm32.12.3.rel1.macos64_1.0.100.202403111906/tools/bin/../lib/gcc/arm-none-eabi/12.3.1/../../../../arm-none-eabi/lib/thumb/v7-m/nofp/libc_nano.a(libc_a-fstatr.o)
                0x0800b0dc                _fstat_r
 .text._isatty_r
                0x0800b100       0x20 /Applications/STM32CubeIDE.app/Contents/Eclipse/plugins/com.st.stm32cube.ide.mcu.externaltools.gnu-tools-for-stm32.12.3.rel1.macos64_1.0.100.202403111906/tools/bin/../lib/gcc/arm-none-eabi/12.3.1/../../../../arm-none-eabi/lib/thumb/v7-m/nofp/libc_nano.a(libc_a-isattyr.o)
                0x0800b100                _isatty_r
 .text._raise_r
                0x0800b120       0x50 /Applications/STM32CubeIDE.app/Contents/Eclipse/plugins/com.st.stm32cube.ide.mcu.externaltools.gnu-tools-for-stm32.12.3.rel1.macos64_1.0.100.202403111906/tools/bin/../lib/gcc/arm-none-eabi/12.3.1/../../../../arm-none-eabi/lib/thumb/v7-m/nofp/libc_nano.a(libc_a-signal.o)
                0x0800b120                _raise_r
 .text.raise    0x0800b170       0x10 /Applications/STM32CubeIDE.app/Contents/Eclipse/plugins/com.st.stm32cube.ide.mcu.externaltools.gnu-tools-for-stm32.12.3.rel1.macos64_1.0.100.202403111906/tools/bin/../lib/gcc/arm-none-eabi/12.3.1/../../../../arm-none-eabi/lib/thumb/v7-m/nofp/libc_nano.a(libc_a-signal.o)
                0x0800b170                raise
 .text._kill_r  0x0800b180       0x24 /Applications/STM32CubeIDE.app/Contents/Eclipse/plugins/com.st.stm32cube.ide.mcu.externaltools.gnu-tools-for-stm32.12.3.rel1.macos64_1.0.100.202403111906/tools/bin/../lib/gcc/arm-none-eabi/12.3.1/../../../../arm-none-eabi/lib/thumb/v7-m/nofp/libc_nano.a(libc_a-signalr.o)
                0x0800b180                _kill_r
 .text._getpid_r
                0x0800b1a4        0x4 /Applications/STM32CubeIDE.app/Contents/Eclipse/plugins/com.st.stm32cube.ide.mcu.externaltools.gnu-tools-for-stm32.12.3.rel1.macos64_1.0.100.202403111906/tools/bin/../lib/gcc/arm-none-eabi/12.3.1/../../../../arm-none-eabi/lib/thumb/v7-m/nofp/libc_nano.a(libc_a-signalr.o)
                0x0800b1a4                _getpid_r
 .text.memchr   0x0800b1a8       0x1c /Applications/STM32CubeIDE.app/Contents/Eclipse/plugins/com.st.stm32cube.ide.mcu.externaltools.gnu-tools-for-stm32.12.3.rel1.macos64_1.0.100.202403111906/tools/bin/../lib/gcc/arm-none-eabi/12.3.1/../../../../arm-none-eabi/lib/thumb/v7-m/nofp/libc_nano.a(libc_a-memchr-stub.o)
                0x0800b1a8                memchr
 *(.glue_7)
 .glue_7        0x0800b1c4        0x0 linker stubs
 *(.glue_7t)
 .glue_7t       0x0800b1c4        0x0 linker stubs
 *(.eh_frame)
 .eh_frame      0x0800b1c4        0x0 /Applications/STM32CubeIDE.app/Contents/Eclipse/plugins/com.st.stm32cube.ide.mcu.externaltools.gnu-tools-for-stm32.12.3.rel1.macos64_1.0.100.202403111906/tools/bin/../lib/gcc/arm-none-eabi/12.3.1/thumb/v7-m/nofp/crtbegin.o
 *(.init)
 .init          0x0800b1c4        0x4 /Applications/STM32CubeIDE.app/Contents/Eclipse/plugins/com.st.stm32cube.ide.mcu.externaltools.gnu-tools-for-stm32.12.3.rel1.macos64_1.0.100.202403111906/tools/bin/../lib/gcc/arm-none-eabi/12.3.1/thumb/v7-m/nofp/crti.o
                0x0800b1c4                _init
 .init          0x0800b1c8        0x8 /Applications/STM32CubeIDE.app/Contents/Eclipse/plugins/com.st.stm32cube.ide.mcu.externaltools.gnu-tools-for-stm32.12.3.rel1.macos64_1.0.100.202403111906/tools/bin/../lib/gcc/arm-none-eabi/12.3.1/thumb/v7-m/nofp/crtn.o
 *(.fini)
 .fini          0x0800b1d0        0x4 /Applications/STM32CubeIDE.app/Contents/Eclipse/plugins/com.st.stm32cube.ide.mcu.externaltools.gnu-tools-for-stm32.12.3.rel1.macos64_1.0.100.202403111906/tools/bin/../lib/gcc/arm-none-eabi/12.3.1/thumb/v7-m/nofp/crti.o
                0x0800b1d0                _fini
 .fini          0x0800b1d4        0x8 /Applications/STM32CubeIDE.app/Contents/Eclipse/plugins/com.st.stm32cube.ide.mcu.externaltools.gnu-tools-for-stm32.12.3.rel1.macos64_1.0.100.202403111906/tools/bin/../lib/gcc/arm-none-eabi/12.3.1/thumb/v7-m/nofp/crtn.o
                0x0800b1dc                        . = ALIGN (0x4)
                0x0800b1dc                        _etext = .

.vfp11_veneer   0x0800b1dc        0x0
 .vfp11_veneer  0x0800b1dc        0x0 linker stubs

.v4_bx          0x0800b1dc        0x0
 .v4_bx         0x0800b1dc        0x0 linker stubs

.iplt           0x0800b1dc        0x0
 .iplt          0x0800b1dc        0x0 /Applications/STM32CubeIDE.app/Contents/Eclipse/plugins/com.st.stm32cube.ide.mcu.externaltools.gnu-tools-for-stm32.12.3.rel1.macos64_1.0.100.202403111906/tools/bin/../lib/gcc/arm-none-eabi/12.3.1/thumb/v7-m/nofp/crtbegin.o

.rodata         0x0800b1e0     0x1094
                0x0800b1e0                        . = ALIGN (0x4)
 *(.rodata)
 .rodata        0x0800b1e0       0x3e ./Core/Src/reed_solomon.o
 *(.rodata*)
 *fill*         0x0800b21e        0x2 
 .rodata.gf_log
                0x0800b220      0x200 ./Core/Src/fft.o
 .rodata.KeccakF_RoundConstants
                0x0800b420       0xc0 ./Core/Src/fips202.o
 .rodata.gf_exp
                0x0800b4e0      0x204 ./Core/Src/reed_solomon.o
 .rodata.alpha_ij_pow
                0x0800b6e4      0xa8c ./Core/Src/reed_solomon.o
 .rodata.PLLMulTable
                0x0800c170        0x9 ./Core/Src/system_stm32l1xx.o
                0x0800c170                PLLMulTable
 *fill*         0x0800c179        0x3 
 .rodata.AHBPrescTable
                0x0800c17c       0x10 ./Core/Src/system_stm32l1xx.o
                0x0800c17c                AHBPrescTable
 .rodata.APBPrescTable
                0x0800c18c        0x8 ./Core/Src/system_stm32l1xx.o
                0x0800c18c                APBPrescTable
 .rodata.srand.str1.1
                0x0800c194       0x6f /Applications/STM32CubeIDE.app/Contents/Eclipse/plugins/com.st.stm32cube.ide.mcu.externaltools.gnu-tools-for-stm32.12.3.rel1.macos64_1.0.100.202403111906/tools/bin/../lib/gcc/arm-none-eabi/12.3.1/../../../../arm-none-eabi/lib/thumb/v7-m/nofp/libc_nano.a(libc_a-rand.o)
 .rodata.__assert_func.str1.1
                0x0800c203       0x3c /Applications/STM32CubeIDE.app/Contents/Eclipse/plugins/com.st.stm32cube.ide.mcu.externaltools.gnu-tools-for-stm32.12.3.rel1.macos64_1.0.100.202403111906/tools/bin/../lib/gcc/arm-none-eabi/12.3.1/../../../../arm-none-eabi/lib/thumb/v7-m/nofp/libc_nano.a(libc_a-assert.o)
                                 0x3d (size before relaxing)
 .rodata._vfprintf_r.str1.1
                0x0800c23f       0x11 /Applications/STM32CubeIDE.app/Contents/Eclipse/plugins/com.st.stm32cube.ide.mcu.externaltools.gnu-tools-for-stm32.12.3.rel1.macos64_1.0.100.202403111906/tools/bin/../lib/gcc/arm-none-eabi/12.3.1/../../../../arm-none-eabi/lib/thumb/v7-m/nofp/libc_nano.a(libc_a-nano-vfprintf.o)
 .rodata._printf_i.str1.1
                0x0800c250       0x22 /Applications/STM32CubeIDE.app/Contents/Eclipse/plugins/com.st.stm32cube.ide.mcu.externaltools.gnu-tools-for-stm32.12.3.rel1.macos64_1.0.100.202403111906/tools/bin/../lib/gcc/arm-none-eabi/12.3.1/../../../../arm-none-eabi/lib/thumb/v7-m/nofp/libc_nano.a(libc_a-nano-vfprintf_i.o)
                0x0800c274                        . = ALIGN (0x4)
 *fill*         0x0800c272        0x2 

.ARM.extab      0x0800c274        0x0
                0x0800c274                        . = ALIGN (0x4)
 *(.ARM.extab* .gnu.linkonce.armextab.*)
                0x0800c274                        . = ALIGN (0x4)

.ARM            0x0800c274        0x8
                0x0800c274                        . = ALIGN (0x4)
                0x0800c274                        __exidx_start = .
 *(.ARM.exidx*)
 .ARM.exidx     0x0800c274        0x8 /Applications/STM32CubeIDE.app/Contents/Eclipse/plugins/com.st.stm32cube.ide.mcu.externaltools.gnu-tools-for-stm32.12.3.rel1.macos64_1.0.100.202403111906/tools/bin/../lib/gcc/arm-none-eabi/12.3.1/thumb/v7-m/nofp/libgcc.a(_udivmoddi4.o)
                0x0800c27c                        __exidx_end = .
                0x0800c27c                        . = ALIGN (0x4)

.preinit_array  0x0800c27c        0x0
                0x0800c27c                        . = ALIGN (0x4)
                0x0800c27c                        PROVIDE (__preinit_array_start = .)
 *(.preinit_array*)
                0x0800c27c                        PROVIDE (__preinit_array_end = .)
                0x0800c27c                        . = ALIGN (0x4)

.init_array     0x0800c27c        0x4
                0x0800c27c                        . = ALIGN (0x4)
                0x0800c27c                        PROVIDE (__init_array_start = .)
 *(SORT_BY_NAME(.init_array.*))
 *(.init_array*)
 .init_array    0x0800c27c        0x4 /Applications/STM32CubeIDE.app/Contents/Eclipse/plugins/com.st.stm32cube.ide.mcu.externaltools.gnu-tools-for-stm32.12.3.rel1.macos64_1.0.100.202403111906/tools/bin/../lib/gcc/arm-none-eabi/12.3.1/thumb/v7-m/nofp/crtbegin.o
                0x0800c280                        PROVIDE (__init_array_end = .)
                0x0800c280                        . = ALIGN (0x4)

.fini_array     0x0800c280        0x4
                0x0800c280                        . = ALIGN (0x4)
                [!provide]                        PROVIDE (__fini_array_start = .)
 *(SORT_BY_NAME(.fini_array.*))
 *(.fini_array*)
 .fini_array    0x0800c280        0x4 /Applications/STM32CubeIDE.app/Contents/Eclipse/plugins/com.st.stm32cube.ide.mcu.externaltools.gnu-tools-for-stm32.12.3.rel1.macos64_1.0.100.202403111906/tools/bin/../lib/gcc/arm-none-eabi/12.3.1/thumb/v7-m/nofp/crtbegin.o
                [!provide]                        PROVIDE (__fini_array_end = .)
                0x0800c284                        . = ALIGN (0x4)
                0x0800c284                        _sidata = LOADADDR (.data)

.rel.dyn        0x0800c284        0x0
 .rel.iplt      0x0800c284        0x0 /Applications/STM32CubeIDE.app/Contents/Eclipse/plugins/com.st.stm32cube.ide.mcu.externaltools.gnu-tools-for-stm32.12.3.rel1.macos64_1.0.100.202403111906/tools/bin/../lib/gcc/arm-none-eabi/12.3.1/thumb/v7-m/nofp/crtbegin.o

.data           0x20000000      0x194 load address 0x0800c284
                0x20000000                        . = ALIGN (0x4)
                0x20000000                        _sdata = .
 *(.data)
 *(.data*)
 .data.SystemCoreClock
                0x20000000        0x4 ./Core/Src/system_stm32l1xx.o
                0x20000000                SystemCoreClock
 .data.m_val    0x20000004      0x12c ./Core/Src/vector.o
 .data.uwTickPrio
                0x20000130        0x4 ./Drivers/STM32L1xx_HAL_Driver/Src/stm32l1xx_hal.o
                0x20000130                uwTickPrio
 .data.uwTickFreq
                0x20000134        0x4 ./Drivers/STM32L1xx_HAL_Driver/Src/stm32l1xx_hal.o
                0x20000134                uwTickFreq
 .data.__sglue  0x20000138        0xc /Applications/STM32CubeIDE.app/Contents/Eclipse/plugins/com.st.stm32cube.ide.mcu.externaltools.gnu-tools-for-stm32.12.3.rel1.macos64_1.0.100.202403111906/tools/bin/../lib/gcc/arm-none-eabi/12.3.1/../../../../arm-none-eabi/lib/thumb/v7-m/nofp/libc_nano.a(libc_a-findfp.o)
                0x20000138                __sglue
 .data._impure_ptr
                0x20000144        0x4 /Applications/STM32CubeIDE.app/Contents/Eclipse/plugins/com.st.stm32cube.ide.mcu.externaltools.gnu-tools-for-stm32.12.3.rel1.macos64_1.0.100.202403111906/tools/bin/../lib/gcc/arm-none-eabi/12.3.1/../../../../arm-none-eabi/lib/thumb/v7-m/nofp/libc_nano.a(libc_a-impure.o)
                0x20000144                _impure_ptr
 .data._impure_data
                0x20000148       0x4c /Applications/STM32CubeIDE.app/Contents/Eclipse/plugins/com.st.stm32cube.ide.mcu.externaltools.gnu-tools-for-stm32.12.3.rel1.macos64_1.0.100.202403111906/tools/bin/../lib/gcc/arm-none-eabi/12.3.1/../../../../arm-none-eabi/lib/thumb/v7-m/nofp/libc_nano.a(libc_a-impure.o)
                0x20000148                _impure_data
 *(.RamFunc)
 *(.RamFunc*)
                0x20000194                        . = ALIGN (0x4)
                0x20000194                        _edata = .

.igot.plt       0x20000194        0x0 load address 0x0800c418
 .igot.plt      0x20000194        0x0 /Applications/STM32CubeIDE.app/Contents/Eclipse/plugins/com.st.stm32cube.ide.mcu.externaltools.gnu-tools-for-stm32.12.3.rel1.macos64_1.0.100.202403111906/tools/bin/../lib/gcc/arm-none-eabi/12.3.1/thumb/v7-m/nofp/crtbegin.o
                0x20000194                        . = ALIGN (0x4)

.bss            0x20000194      0x1b8 load address 0x0800c418
                0x20000194                        _sbss = .
                0x20000194                        __bss_start__ = _sbss
 *(.bss)
 .bss           0x20000194       0x1c /Applications/STM32CubeIDE.app/Contents/Eclipse/plugins/com.st.stm32cube.ide.mcu.externaltools.gnu-tools-for-stm32.12.3.rel1.macos64_1.0.100.202403111906/tools/bin/../lib/gcc/arm-none-eabi/12.3.1/thumb/v7-m/nofp/crtbegin.o
 *(.bss*)
 .bss.huart2    0x200001b0       0x48 ./Core/Src/main.o
                0x200001b0                huart2
 .bss.__sbrk_heap_end
                0x200001f8        0x4 ./Core/Src/sysmem.o
 .bss.uwTick    0x200001fc        0x4 ./Drivers/STM32L1xx_HAL_Driver/Src/stm32l1xx_hal.o
                0x200001fc                uwTick
 .bss.__malloc_sbrk_start
                0x20000200        0x4 /Applications/STM32CubeIDE.app/Contents/Eclipse/plugins/com.st.stm32cube.ide.mcu.externaltools.gnu-tools-for-stm32.12.3.rel1.macos64_1.0.100.202403111906/tools/bin/../lib/gcc/arm-none-eabi/12.3.1/../../../../arm-none-eabi/lib/thumb/v7-m/nofp/libc_nano.a(libc_a-mallocr.o)
                0x20000200                __malloc_sbrk_start
 .bss.__malloc_free_list
                0x20000204        0x4 /Applications/STM32CubeIDE.app/Contents/Eclipse/plugins/com.st.stm32cube.ide.mcu.externaltools.gnu-tools-for-stm32.12.3.rel1.macos64_1.0.100.202403111906/tools/bin/../lib/gcc/arm-none-eabi/12.3.1/../../../../arm-none-eabi/lib/thumb/v7-m/nofp/libc_nano.a(libc_a-mallocr.o)
                0x20000204                __malloc_free_list
 .bss.__sf      0x20000208      0x138 /Applications/STM32CubeIDE.app/Contents/Eclipse/plugins/com.st.stm32cube.ide.mcu.externaltools.gnu-tools-for-stm32.12.3.rel1.macos64_1.0.100.202403111906/tools/bin/../lib/gcc/arm-none-eabi/12.3.1/../../../../arm-none-eabi/lib/thumb/v7-m/nofp/libc_nano.a(libc_a-findfp.o)
                0x20000208                __sf
 .bss.__stdio_exit_handler
                0x20000340        0x4 /Applications/STM32CubeIDE.app/Contents/Eclipse/plugins/com.st.stm32cube.ide.mcu.externaltools.gnu-tools-for-stm32.12.3.rel1.macos64_1.0.100.202403111906/tools/bin/../lib/gcc/arm-none-eabi/12.3.1/../../../../arm-none-eabi/lib/thumb/v7-m/nofp/libc_nano.a(libc_a-findfp.o)
                0x20000340                __stdio_exit_handler
 .bss.__lock___malloc_recursive_mutex
                0x20000344        0x1 /Applications/STM32CubeIDE.app/Contents/Eclipse/plugins/com.st.stm32cube.ide.mcu.externaltools.gnu-tools-for-stm32.12.3.rel1.macos64_1.0.100.202403111906/tools/bin/../lib/gcc/arm-none-eabi/12.3.1/../../../../arm-none-eabi/lib/thumb/v7-m/nofp/libc_nano.a(libc_a-lock.o)
                0x20000344                __lock___malloc_recursive_mutex
 .bss.__lock___sfp_recursive_mutex
                0x20000345        0x1 /Applications/STM32CubeIDE.app/Contents/Eclipse/plugins/com.st.stm32cube.ide.mcu.externaltools.gnu-tools-for-stm32.12.3.rel1.macos64_1.0.100.202403111906/tools/bin/../lib/gcc/arm-none-eabi/12.3.1/../../../../arm-none-eabi/lib/thumb/v7-m/nofp/libc_nano.a(libc_a-lock.o)
                0x20000345                __lock___sfp_recursive_mutex
 *fill*         0x20000346        0x2 
 .bss.errno     0x20000348        0x4 /Applications/STM32CubeIDE.app/Contents/Eclipse/plugins/com.st.stm32cube.ide.mcu.externaltools.gnu-tools-for-stm32.12.3.rel1.macos64_1.0.100.202403111906/tools/bin/../lib/gcc/arm-none-eabi/12.3.1/../../../../arm-none-eabi/lib/thumb/v7-m/nofp/libc_nano.a(libc_a-reent.o)
                0x20000348                errno
 *(COMMON)
                0x2000034c                        . = ALIGN (0x4)
                0x2000034c                        _ebss = .
                0x2000034c                        __bss_end__ = _ebss

._user_heap_stack
                0x2000034c      0x604 load address 0x0800c418
                0x20000350                        . = ALIGN (0x8)
 *fill*         0x2000034c        0x4 
                [!provide]                        PROVIDE (end = .)
                0x20000350                        PROVIDE (_end = .)
                0x20000550                        . = (. + _Min_Heap_Size)
 *fill*         0x20000350      0x200 
                0x20000950                        . = (. + _Min_Stack_Size)
 *fill*         0x20000550      0x400 
                0x20000950                        . = ALIGN (0x8)

/DISCARD/
 libc.a(*)
 libm.a(*)
 libgcc.a(*)

.ARM.attributes
                0x00000000       0x29
 *(.ARM.attributes)
 .ARM.attributes
                0x00000000       0x1d /Applications/STM32CubeIDE.app/Contents/Eclipse/plugins/com.st.stm32cube.ide.mcu.externaltools.gnu-tools-for-stm32.12.3.rel1.macos64_1.0.100.202403111906/tools/bin/../lib/gcc/arm-none-eabi/12.3.1/thumb/v7-m/nofp/crti.o
 .ARM.attributes
                0x0000001d       0x2d /Applications/STM32CubeIDE.app/Contents/Eclipse/plugins/com.st.stm32cube.ide.mcu.externaltools.gnu-tools-for-stm32.12.3.rel1.macos64_1.0.100.202403111906/tools/bin/../lib/gcc/arm-none-eabi/12.3.1/thumb/v7-m/nofp/crtbegin.o
 .ARM.attributes
                0x0000004a       0x2d ./Core/Src/code.o
 .ARM.attributes
                0x00000077       0x2d ./Core/Src/fft.o
 .ARM.attributes
                0x000000a4       0x2d ./Core/Src/fips202.o
 .ARM.attributes
                0x000000d1       0x2d ./Core/Src/gf.o
 .ARM.attributes
                0x000000fe       0x2d ./Core/Src/gf2x.o
 .ARM.attributes
                0x0000012b       0x2d ./Core/Src/hqc.o
 .ARM.attributes
                0x00000158       0x2d ./Core/Src/kem.o
 .ARM.attributes
                0x00000185       0x2d ./Core/Src/main.o
 .ARM.attributes
                0x000001b2       0x2d ./Core/Src/parsing.o
 .ARM.attributes
                0x000001df       0x2d ./Core/Src/randombytes.o
 .ARM.attributes
                0x0000020c       0x2d ./Core/Src/reed_muller.o
 .ARM.attributes
                0x00000239       0x2d ./Core/Src/reed_solomon.o
 .ARM.attributes
                0x00000266       0x2d ./Core/Src/shake_ds.o
 .ARM.attributes
                0x00000293       0x2d ./Core/Src/shake_prng.o
 .ARM.attributes
                0x000002c0       0x2d ./Core/Src/stm32l1xx_hal_msp.o
 .ARM.attributes
                0x000002ed       0x2d ./Core/Src/stm32l1xx_it.o
 .ARM.attributes
                0x0000031a       0x2d ./Core/Src/syscalls.o
 .ARM.attributes
                0x00000347       0x2d ./Core/Src/sysmem.o
 .ARM.attributes
                0x00000374       0x2d ./Core/Src/system_stm32l1xx.o
 .ARM.attributes
                0x000003a1       0x2d ./Core/Src/vector.o
 .ARM.attributes
                0x000003ce       0x21 ./Core/Startup/startup_stm32l152retx.o
 .ARM.attributes
                0x000003ef       0x2d ./Drivers/STM32L1xx_HAL_Driver/Src/stm32l1xx_hal.o
 .ARM.attributes
                0x0000041c       0x2d ./Drivers/STM32L1xx_HAL_Driver/Src/stm32l1xx_hal_cortex.o
 .ARM.attributes
                0x00000449       0x2d ./Drivers/STM32L1xx_HAL_Driver/Src/stm32l1xx_hal_gpio.o
 .ARM.attributes
                0x00000476       0x2d ./Drivers/STM32L1xx_HAL_Driver/Src/stm32l1xx_hal_rcc.o
 .ARM.attributes
                0x000004a3       0x2d ./Drivers/STM32L1xx_HAL_Driver/Src/stm32l1xx_hal_uart.o
 .ARM.attributes
                0x000004d0       0x2d /Applications/STM32CubeIDE.app/Contents/Eclipse/plugins/com.st.stm32cube.ide.mcu.externaltools.gnu-tools-for-stm32.12.3.rel1.macos64_1.0.100.202403111906/tools/bin/../lib/gcc/arm-none-eabi/12.3.1/../../../../arm-none-eabi/lib/thumb/v7-m/nofp/libc_nano.a(libc_a-exit.o)
 .ARM.attributes
                0x000004fd       0x2d /Applications/STM32CubeIDE.app/Contents/Eclipse/plugins/com.st.stm32cube.ide.mcu.externaltools.gnu-tools-for-stm32.12.3.rel1.macos64_1.0.100.202403111906/tools/bin/../lib/gcc/arm-none-eabi/12.3.1/../../../../arm-none-eabi/lib/thumb/v7-m/nofp/libc_nano.a(libc_a-malloc.o)
 .ARM.attributes
                0x0000052a       0x2d /Applications/STM32CubeIDE.app/Contents/Eclipse/plugins/com.st.stm32cube.ide.mcu.externaltools.gnu-tools-for-stm32.12.3.rel1.macos64_1.0.100.202403111906/tools/bin/../lib/gcc/arm-none-eabi/12.3.1/../../../../arm-none-eabi/lib/thumb/v7-m/nofp/libc_nano.a(libc_a-mallocr.o)
 .ARM.attributes
                0x00000557       0x2d /Applications/STM32CubeIDE.app/Contents/Eclipse/plugins/com.st.stm32cube.ide.mcu.externaltools.gnu-tools-for-stm32.12.3.rel1.macos64_1.0.100.202403111906/tools/bin/../lib/gcc/arm-none-eabi/12.3.1/../../../../arm-none-eabi/lib/thumb/v7-m/nofp/libc_nano.a(libc_a-mlock.o)
 .ARM.attributes
                0x00000584       0x2d /Applications/STM32CubeIDE.app/Contents/Eclipse/plugins/com.st.stm32cube.ide.mcu.externaltools.gnu-tools-for-stm32.12.3.rel1.macos64_1.0.100.202403111906/tools/bin/../lib/gcc/arm-none-eabi/12.3.1/../../../../arm-none-eabi/lib/thumb/v7-m/nofp/libc_nano.a(libc_a-rand.o)
 .ARM.attributes
                0x000005b1       0x2d /Applications/STM32CubeIDE.app/Contents/Eclipse/plugins/com.st.stm32cube.ide.mcu.externaltools.gnu-tools-for-stm32.12.3.rel1.macos64_1.0.100.202403111906/tools/bin/../lib/gcc/arm-none-eabi/12.3.1/../../../../arm-none-eabi/lib/thumb/v7-m/nofp/libc_nano.a(libc_a-findfp.o)
 .ARM.attributes
                0x000005de       0x2d /Applications/STM32CubeIDE.app/Contents/Eclipse/plugins/com.st.stm32cube.ide.mcu.externaltools.gnu-tools-for-stm32.12.3.rel1.macos64_1.0.100.202403111906/tools/bin/../lib/gcc/arm-none-eabi/12.3.1/../../../../arm-none-eabi/lib/thumb/v7-m/nofp/libc_nano.a(libc_a-fwalk.o)
 .ARM.attributes
                0x0000060b       0x2d /Applications/STM32CubeIDE.app/Contents/Eclipse/plugins/com.st.stm32cube.ide.mcu.externaltools.gnu-tools-for-stm32.12.3.rel1.macos64_1.0.100.202403111906/tools/bin/../lib/gcc/arm-none-eabi/12.3.1/../../../../arm-none-eabi/lib/thumb/v7-m/nofp/libc_nano.a(libc_a-memset.o)
 .ARM.attributes
                0x00000638       0x2d /Applications/STM32CubeIDE.app/Contents/Eclipse/plugins/com.st.stm32cube.ide.mcu.externaltools.gnu-tools-for-stm32.12.3.rel1.macos64_1.0.100.202403111906/tools/bin/../lib/gcc/arm-none-eabi/12.3.1/../../../../arm-none-eabi/lib/thumb/v7-m/nofp/libc_nano.a(libc_a-impure.o)
 .ARM.attributes
                0x00000665       0x2d /Applications/STM32CubeIDE.app/Contents/Eclipse/plugins/com.st.stm32cube.ide.mcu.externaltools.gnu-tools-for-stm32.12.3.rel1.macos64_1.0.100.202403111906/tools/bin/../lib/gcc/arm-none-eabi/12.3.1/../../../../arm-none-eabi/lib/thumb/v7-m/nofp/libc_nano.a(libc_a-sbrkr.o)
 .ARM.attributes
                0x00000692       0x2d /Applications/STM32CubeIDE.app/Contents/Eclipse/plugins/com.st.stm32cube.ide.mcu.externaltools.gnu-tools-for-stm32.12.3.rel1.macos64_1.0.100.202403111906/tools/bin/../lib/gcc/arm-none-eabi/12.3.1/../../../../arm-none-eabi/lib/thumb/v7-m/nofp/libc_nano.a(libc_a-errno.o)
 .ARM.attributes
                0x000006bf       0x2d /Applications/STM32CubeIDE.app/Contents/Eclipse/plugins/com.st.stm32cube.ide.mcu.externaltools.gnu-tools-for-stm32.12.3.rel1.macos64_1.0.100.202403111906/tools/bin/../lib/gcc/arm-none-eabi/12.3.1/../../../../arm-none-eabi/lib/thumb/v7-m/nofp/libc_nano.a(libc_a-init.o)
 .ARM.attributes
                0x000006ec       0x2d /Applications/STM32CubeIDE.app/Contents/Eclipse/plugins/com.st.stm32cube.ide.mcu.externaltools.gnu-tools-for-stm32.12.3.rel1.macos64_1.0.100.202403111906/tools/bin/../lib/gcc/arm-none-eabi/12.3.1/../../../../arm-none-eabi/lib/thumb/v7-m/nofp/libc_nano.a(libc_a-lock.o)
 .ARM.attributes
                0x00000719       0x2d /Applications/STM32CubeIDE.app/Contents/Eclipse/plugins/com.st.stm32cube.ide.mcu.externaltools.gnu-tools-for-stm32.12.3.rel1.macos64_1.0.100.202403111906/tools/bin/../lib/gcc/arm-none-eabi/12.3.1/../../../../arm-none-eabi/lib/thumb/v7-m/nofp/libc_nano.a(libc_a-memcpy-stub.o)
 .ARM.attributes
                0x00000746       0x2d /Applications/STM32CubeIDE.app/Contents/Eclipse/plugins/com.st.stm32cube.ide.mcu.externaltools.gnu-tools-for-stm32.12.3.rel1.macos64_1.0.100.202403111906/tools/bin/../lib/gcc/arm-none-eabi/12.3.1/../../../../arm-none-eabi/lib/thumb/v7-m/nofp/libc_nano.a(libc_a-assert.o)
 .ARM.attributes
                0x00000773       0x2d /Applications/STM32CubeIDE.app/Contents/Eclipse/plugins/com.st.stm32cube.ide.mcu.externaltools.gnu-tools-for-stm32.12.3.rel1.macos64_1.0.100.202403111906/tools/bin/../lib/gcc/arm-none-eabi/12.3.1/../../../../arm-none-eabi/lib/thumb/v7-m/nofp/libc_nano.a(libc_a-freer.o)
 .ARM.attributes
                0x000007a0       0x2d /Applications/STM32CubeIDE.app/Contents/Eclipse/plugins/com.st.stm32cube.ide.mcu.externaltools.gnu-tools-for-stm32.12.3.rel1.macos64_1.0.100.202403111906/tools/bin/../lib/gcc/arm-none-eabi/12.3.1/../../../../arm-none-eabi/lib/thumb/v7-m/nofp/libc_nano.a(libc_a-fflush.o)
 .ARM.attributes
                0x000007cd       0x2d /Applications/STM32CubeIDE.app/Contents/Eclipse/plugins/com.st.stm32cube.ide.mcu.externaltools.gnu-tools-for-stm32.12.3.rel1.macos64_1.0.100.202403111906/tools/bin/../lib/gcc/arm-none-eabi/12.3.1/../../../../arm-none-eabi/lib/thumb/v7-m/nofp/libc_nano.a(libc_a-stdio.o)
 .ARM.attributes
                0x000007fa       0x2d /Applications/STM32CubeIDE.app/Contents/Eclipse/plugins/com.st.stm32cube.ide.mcu.externaltools.gnu-tools-for-stm32.12.3.rel1.macos64_1.0.100.202403111906/tools/bin/../lib/gcc/arm-none-eabi/12.3.1/../../../../arm-none-eabi/lib/thumb/v7-m/nofp/libc_nano.a(libc_a-fprintf.o)
 .ARM.attributes
                0x00000827       0x2d /Applications/STM32CubeIDE.app/Contents/Eclipse/plugins/com.st.stm32cube.ide.mcu.externaltools.gnu-tools-for-stm32.12.3.rel1.macos64_1.0.100.202403111906/tools/bin/../lib/gcc/arm-none-eabi/12.3.1/../../../../arm-none-eabi/lib/thumb/v7-m/nofp/libc_nano.a(libc_a-closer.o)
 .ARM.attributes
                0x00000854       0x2d /Applications/STM32CubeIDE.app/Contents/Eclipse/plugins/com.st.stm32cube.ide.mcu.externaltools.gnu-tools-for-stm32.12.3.rel1.macos64_1.0.100.202403111906/tools/bin/../lib/gcc/arm-none-eabi/12.3.1/../../../../arm-none-eabi/lib/thumb/v7-m/nofp/libc_nano.a(libc_a-reent.o)
 .ARM.attributes
                0x00000881       0x2d /Applications/STM32CubeIDE.app/Contents/Eclipse/plugins/com.st.stm32cube.ide.mcu.externaltools.gnu-tools-for-stm32.12.3.rel1.macos64_1.0.100.202403111906/tools/bin/../lib/gcc/arm-none-eabi/12.3.1/../../../../arm-none-eabi/lib/thumb/v7-m/nofp/libc_nano.a(libc_a-lseekr.o)
 .ARM.attributes
                0x000008ae       0x2d /Applications/STM32CubeIDE.app/Contents/Eclipse/plugins/com.st.stm32cube.ide.mcu.externaltools.gnu-tools-for-stm32.12.3.rel1.macos64_1.0.100.202403111906/tools/bin/../lib/gcc/arm-none-eabi/12.3.1/../../../../arm-none-eabi/lib/thumb/v7-m/nofp/libc_nano.a(libc_a-readr.o)
 .ARM.attributes
                0x000008db       0x2d /Applications/STM32CubeIDE.app/Contents/Eclipse/plugins/com.st.stm32cube.ide.mcu.externaltools.gnu-tools-for-stm32.12.3.rel1.macos64_1.0.100.202403111906/tools/bin/../lib/gcc/arm-none-eabi/12.3.1/../../../../arm-none-eabi/lib/thumb/v7-m/nofp/libc_nano.a(libc_a-writer.o)
 .ARM.attributes
                0x00000908       0x2d /Applications/STM32CubeIDE.app/Contents/Eclipse/plugins/com.st.stm32cube.ide.mcu.externaltools.gnu-tools-for-stm32.12.3.rel1.macos64_1.0.100.202403111906/tools/bin/../lib/gcc/arm-none-eabi/12.3.1/../../../../arm-none-eabi/lib/thumb/v7-m/nofp/libc_nano.a(libc_a-abort.o)
 .ARM.attributes
                0x00000935       0x2d /Applications/STM32CubeIDE.app/Contents/Eclipse/plugins/com.st.stm32cube.ide.mcu.externaltools.gnu-tools-for-stm32.12.3.rel1.macos64_1.0.100.202403111906/tools/bin/../lib/gcc/arm-none-eabi/12.3.1/../../../../arm-none-eabi/lib/thumb/v7-m/nofp/libc_nano.a(libc_a-nano-vfprintf.o)
 .ARM.attributes
                0x00000962       0x2d /Applications/STM32CubeIDE.app/Contents/Eclipse/plugins/com.st.stm32cube.ide.mcu.externaltools.gnu-tools-for-stm32.12.3.rel1.macos64_1.0.100.202403111906/tools/bin/../lib/gcc/arm-none-eabi/12.3.1/../../../../arm-none-eabi/lib/thumb/v7-m/nofp/libc_nano.a(libc_a-nano-vfprintf_i.o)
 .ARM.attributes
                0x0000098f       0x2d /Applications/STM32CubeIDE.app/Contents/Eclipse/plugins/com.st.stm32cube.ide.mcu.externaltools.gnu-tools-for-stm32.12.3.rel1.macos64_1.0.100.202403111906/tools/bin/../lib/gcc/arm-none-eabi/12.3.1/../../../../arm-none-eabi/lib/thumb/v7-m/nofp/libc_nano.a(libc_a-wbuf.o)
 .ARM.attributes
                0x000009bc       0x2d /Applications/STM32CubeIDE.app/Contents/Eclipse/plugins/com.st.stm32cube.ide.mcu.externaltools.gnu-tools-for-stm32.12.3.rel1.macos64_1.0.100.202403111906/tools/bin/../lib/gcc/arm-none-eabi/12.3.1/../../../../arm-none-eabi/lib/thumb/v7-m/nofp/libc_nano.a(libc_a-wsetup.o)
 .ARM.attributes
                0x000009e9       0x2d /Applications/STM32CubeIDE.app/Contents/Eclipse/plugins/com.st.stm32cube.ide.mcu.externaltools.gnu-tools-for-stm32.12.3.rel1.macos64_1.0.100.202403111906/tools/bin/../lib/gcc/arm-none-eabi/12.3.1/../../../../arm-none-eabi/lib/thumb/v7-m/nofp/libc_nano.a(libc_a-makebuf.o)
 .ARM.attributes
                0x00000a16       0x2d /Applications/STM32CubeIDE.app/Contents/Eclipse/plugins/com.st.stm32cube.ide.mcu.externaltools.gnu-tools-for-stm32.12.3.rel1.macos64_1.0.100.202403111906/tools/bin/../lib/gcc/arm-none-eabi/12.3.1/../../../../arm-none-eabi/lib/thumb/v7-m/nofp/libc_nano.a(libc_a-fstatr.o)
 .ARM.attributes
                0x00000a43       0x2d /Applications/STM32CubeIDE.app/Contents/Eclipse/plugins/com.st.stm32cube.ide.mcu.externaltools.gnu-tools-for-stm32.12.3.rel1.macos64_1.0.100.202403111906/tools/bin/../lib/gcc/arm-none-eabi/12.3.1/../../../../arm-none-eabi/lib/thumb/v7-m/nofp/libc_nano.a(libc_a-isattyr.o)
 .ARM.attributes
                0x00000a70       0x2d /Applications/STM32CubeIDE.app/Contents/Eclipse/plugins/com.st.stm32cube.ide.mcu.externaltools.gnu-tools-for-stm32.12.3.rel1.macos64_1.0.100.202403111906/tools/bin/../lib/gcc/arm-none-eabi/12.3.1/../../../../arm-none-eabi/lib/thumb/v7-m/nofp/libc_nano.a(libc_a-signal.o)
 .ARM.attributes
                0x00000a9d       0x2d /Applications/STM32CubeIDE.app/Contents/Eclipse/plugins/com.st.stm32cube.ide.mcu.externaltools.gnu-tools-for-stm32.12.3.rel1.macos64_1.0.100.202403111906/tools/bin/../lib/gcc/arm-none-eabi/12.3.1/../../../../arm-none-eabi/lib/thumb/v7-m/nofp/libc_nano.a(libc_a-signalr.o)
 .ARM.attributes
                0x00000aca       0x2d /Applications/STM32CubeIDE.app/Contents/Eclipse/plugins/com.st.stm32cube.ide.mcu.externaltools.gnu-tools-for-stm32.12.3.rel1.macos64_1.0.100.202403111906/tools/bin/../lib/gcc/arm-none-eabi/12.3.1/../../../../arm-none-eabi/lib/thumb/v7-m/nofp/libc_nano.a(libc_a-memchr-stub.o)
 .ARM.attributes
                0x00000af7       0x1d /Applications/STM32CubeIDE.app/Contents/Eclipse/plugins/com.st.stm32cube.ide.mcu.externaltools.gnu-tools-for-stm32.12.3.rel1.macos64_1.0.100.202403111906/tools/bin/../lib/gcc/arm-none-eabi/12.3.1/thumb/v7-m/nofp/libgcc.a(_aeabi_uldivmod.o)
 .ARM.attributes
                0x00000b14       0x2d /Applications/STM32CubeIDE.app/Contents/Eclipse/plugins/com.st.stm32cube.ide.mcu.externaltools.gnu-tools-for-stm32.12.3.rel1.macos64_1.0.100.202403111906/tools/bin/../lib/gcc/arm-none-eabi/12.3.1/thumb/v7-m/nofp/libgcc.a(_udivmoddi4.o)
 .ARM.attributes
                0x00000b41       0x1d /Applications/STM32CubeIDE.app/Contents/Eclipse/plugins/com.st.stm32cube.ide.mcu.externaltools.gnu-tools-for-stm32.12.3.rel1.macos64_1.0.100.202403111906/tools/bin/../lib/gcc/arm-none-eabi/12.3.1/thumb/v7-m/nofp/libgcc.a(_dvmd_tls.o)
 .ARM.attributes
                0x00000b5e       0x1d /Applications/STM32CubeIDE.app/Contents/Eclipse/plugins/com.st.stm32cube.ide.mcu.externaltools.gnu-tools-for-stm32.12.3.rel1.macos64_1.0.100.202403111906/tools/bin/../lib/gcc/arm-none-eabi/12.3.1/thumb/v7-m/nofp/crtn.o
OUTPUT(hqc-simple.elf elf32-littlearm)
LOAD linker stubs
LOAD /Applications/STM32CubeIDE.app/Contents/Eclipse/plugins/com.st.stm32cube.ide.mcu.externaltools.gnu-tools-for-stm32.12.3.rel1.macos64_1.0.100.202403111906/tools/bin/../lib/gcc/arm-none-eabi/12.3.1/../../../../arm-none-eabi/lib/thumb/v7-m/nofp/libc.a
LOAD /Applications/STM32CubeIDE.app/Contents/Eclipse/plugins/com.st.stm32cube.ide.mcu.externaltools.gnu-tools-for-stm32.12.3.rel1.macos64_1.0.100.202403111906/tools/bin/../lib/gcc/arm-none-eabi/12.3.1/../../../../arm-none-eabi/lib/thumb/v7-m/nofp/libm.a
LOAD /Applications/STM32CubeIDE.app/Contents/Eclipse/plugins/com.st.stm32cube.ide.mcu.externaltools.gnu-tools-for-stm32.12.3.rel1.macos64_1.0.100.202403111906/tools/bin/../lib/gcc/arm-none-eabi/12.3.1/thumb/v7-m/nofp/libgcc.a

.debug_info     0x00000000     0xbc27
 .debug_info    0x00000000      0x1e7 ./Core/Src/code.o
 .debug_info    0x000001e7      0x601 ./Core/Src/fft.o
 .debug_info    0x000007e8     0x133e ./Core/Src/fips202.o
 .debug_info    0x00001b26      0x43d ./Core/Src/gf.o
 .debug_info    0x00001f63      0x46a ./Core/Src/gf2x.o
 .debug_info    0x000023cd      0x51e ./Core/Src/hqc.o
 .debug_info    0x000028eb      0x4d7 ./Core/Src/kem.o
 .debug_info    0x00002dc2      0xc06 ./Core/Src/main.o
 .debug_info    0x000039c8      0x4c2 ./Core/Src/parsing.o
 .debug_info    0x00003e8a      0x127 ./Core/Src/randombytes.o
 .debug_info    0x00003fb1      0x417 ./Core/Src/reed_muller.o
 .debug_info    0x000043c8      0x7de ./Core/Src/reed_solomon.o
 .debug_info    0x00004ba6      0x1a8 ./Core/Src/shake_ds.o
 .debug_info    0x00004d4e      0x267 ./Core/Src/shake_prng.o
 .debug_info    0x00004fb5      0x80f ./Core/Src/stm32l1xx_hal_msp.o
 .debug_info    0x000057c4      0x113 ./Core/Src/stm32l1xx_it.o
 .debug_info    0x000058d7      0x6a3 ./Core/Src/syscalls.o
 .debug_info    0x00005f7a      0x168 ./Core/Src/sysmem.o
 .debug_info    0x000060e2      0x27c ./Core/Src/system_stm32l1xx.o
 .debug_info    0x0000635e      0x60d ./Core/Src/vector.o
 .debug_info    0x0000696b       0x30 ./Core/Startup/startup_stm32l152retx.o
 .debug_info    0x0000699b      0x6ef ./Drivers/STM32L1xx_HAL_Driver/Src/stm32l1xx_hal.o
 .debug_info    0x0000708a      0xcb0 ./Drivers/STM32L1xx_HAL_Driver/Src/stm32l1xx_hal_cortex.o
 .debug_info    0x00007d3a      0x5b2 ./Drivers/STM32L1xx_HAL_Driver/Src/stm32l1xx_hal_gpio.o
 .debug_info    0x000082ec      0x991 ./Drivers/STM32L1xx_HAL_Driver/Src/stm32l1xx_hal_rcc.o
 .debug_info    0x00008c7d     0x2faa ./Drivers/STM32L1xx_HAL_Driver/Src/stm32l1xx_hal_uart.o

.debug_abbrev   0x00000000     0x2773
 .debug_abbrev  0x00000000       0xe5 ./Core/Src/code.o
 .debug_abbrev  0x000000e5      0x188 ./Core/Src/fft.o
 .debug_abbrev  0x0000026d      0x1fb ./Core/Src/fips202.o
 .debug_abbrev  0x00000468      0x12c ./Core/Src/gf.o
 .debug_abbrev  0x00000594      0x11b ./Core/Src/gf2x.o
 .debug_abbrev  0x000006af      0x144 ./Core/Src/hqc.o
 .debug_abbrev  0x000007f3      0x140 ./Core/Src/kem.o
 .debug_abbrev  0x00000933      0x287 ./Core/Src/main.o
 .debug_abbrev  0x00000bba      0x14e ./Core/Src/parsing.o
 .debug_abbrev  0x00000d08       0xca ./Core/Src/randombytes.o
 .debug_abbrev  0x00000dd2      0x14e ./Core/Src/reed_muller.o
 .debug_abbrev  0x00000f20      0x1d6 ./Core/Src/reed_solomon.o
 .debug_abbrev  0x000010f6       0xb6 ./Core/Src/shake_ds.o
 .debug_abbrev  0x000011ac      0x111 ./Core/Src/shake_prng.o
 .debug_abbrev  0x000012bd      0x1aa ./Core/Src/stm32l1xx_hal_msp.o
 .debug_abbrev  0x00001467       0x73 ./Core/Src/stm32l1xx_it.o
 .debug_abbrev  0x000014da      0x1b6 ./Core/Src/syscalls.o
 .debug_abbrev  0x00001690       0xbc ./Core/Src/sysmem.o
 .debug_abbrev  0x0000174c      0x11c ./Core/Src/system_stm32l1xx.o
 .debug_abbrev  0x00001868      0x1c8 ./Core/Src/vector.o
 .debug_abbrev  0x00001a30       0x24 ./Core/Startup/startup_stm32l152retx.o
 .debug_abbrev  0x00001a54      0x275 ./Drivers/STM32L1xx_HAL_Driver/Src/stm32l1xx_hal.o
 .debug_abbrev  0x00001cc9      0x327 ./Drivers/STM32L1xx_HAL_Driver/Src/stm32l1xx_hal_cortex.o
 .debug_abbrev  0x00001ff0      0x1d4 ./Drivers/STM32L1xx_HAL_Driver/Src/stm32l1xx_hal_gpio.o
 .debug_abbrev  0x000021c4      0x2b8 ./Drivers/STM32L1xx_HAL_Driver/Src/stm32l1xx_hal_rcc.o
 .debug_abbrev  0x0000247c      0x2f7 ./Drivers/STM32L1xx_HAL_Driver/Src/stm32l1xx_hal_uart.o

.debug_aranges  0x00000000      0xba8
 .debug_aranges
                0x00000000       0x28 ./Core/Src/code.o
 .debug_aranges
                0x00000028       0x50 ./Core/Src/fft.o
 .debug_aranges
                0x00000078      0x1a0 ./Core/Src/fips202.o
 .debug_aranges
                0x00000218       0x48 ./Core/Src/gf.o
 .debug_aranges
                0x00000260       0x48 ./Core/Src/gf2x.o
 .debug_aranges
                0x000002a8       0x30 ./Core/Src/hqc.o
 .debug_aranges
                0x000002d8       0x30 ./Core/Src/kem.o
 .debug_aranges
                0x00000308       0x40 ./Core/Src/main.o
 .debug_aranges
                0x00000348       0x60 ./Core/Src/parsing.o
 .debug_aranges
                0x000003a8       0x20 ./Core/Src/randombytes.o
 .debug_aranges
                0x000003c8       0x48 ./Core/Src/reed_muller.o
 .debug_aranges
                0x00000410       0x58 ./Core/Src/reed_solomon.o
 .debug_aranges
                0x00000468       0x20 ./Core/Src/shake_ds.o
 .debug_aranges
                0x00000488       0x30 ./Core/Src/shake_prng.o
 .debug_aranges
                0x000004b8       0x30 ./Core/Src/stm32l1xx_hal_msp.o
 .debug_aranges
                0x000004e8       0x60 ./Core/Src/stm32l1xx_it.o
 .debug_aranges
                0x00000548       0xa8 ./Core/Src/syscalls.o
 .debug_aranges
                0x000005f0       0x20 ./Core/Src/sysmem.o
 .debug_aranges
                0x00000610       0x28 ./Core/Src/system_stm32l1xx.o
 .debug_aranges
                0x00000638       0x60 ./Core/Src/vector.o
 .debug_aranges
                0x00000698       0x28 ./Core/Startup/startup_stm32l152retx.o
 .debug_aranges
                0x000006c0       0xe0 ./Drivers/STM32L1xx_HAL_Driver/Src/stm32l1xx_hal.o
 .debug_aranges
                0x000007a0      0x118 ./Drivers/STM32L1xx_HAL_Driver/Src/stm32l1xx_hal_cortex.o
 .debug_aranges
                0x000008b8       0x58 ./Drivers/STM32L1xx_HAL_Driver/Src/stm32l1xx_hal_gpio.o
 .debug_aranges
                0x00000910       0x90 ./Drivers/STM32L1xx_HAL_Driver/Src/stm32l1xx_hal_rcc.o
 .debug_aranges
                0x000009a0      0x208 ./Drivers/STM32L1xx_HAL_Driver/Src/stm32l1xx_hal_uart.o

.debug_rnglists
                0x00000000      0x8b6
 .debug_rnglists
                0x00000000       0x19 ./Core/Src/code.o
 .debug_rnglists
                0x00000019       0x3c ./Core/Src/fft.o
 .debug_rnglists
                0x00000055      0x13d ./Core/Src/fips202.o
 .debug_rnglists
                0x00000192       0x35 ./Core/Src/gf.o
 .debug_rnglists
                0x000001c7       0x37 ./Core/Src/gf2x.o
 .debug_rnglists
                0x000001fe       0x22 ./Core/Src/hqc.o
 .debug_rnglists
                0x00000220       0x21 ./Core/Src/kem.o
 .debug_rnglists
                0x00000241       0x2e ./Core/Src/main.o
 .debug_rnglists
                0x0000026f       0x45 ./Core/Src/parsing.o
 .debug_rnglists
                0x000002b4       0x13 ./Core/Src/randombytes.o
 .debug_rnglists
                0x000002c7       0x37 ./Core/Src/reed_muller.o
 .debug_rnglists
                0x000002fe       0x43 ./Core/Src/reed_solomon.o
 .debug_rnglists
                0x00000341       0x13 ./Core/Src/shake_ds.o
 .debug_rnglists
                0x00000354       0x20 ./Core/Src/shake_prng.o
 .debug_rnglists
                0x00000374       0x20 ./Core/Src/stm32l1xx_hal_msp.o
 .debug_rnglists
                0x00000394       0x43 ./Core/Src/stm32l1xx_it.o
 .debug_rnglists
                0x000003d7       0x79 ./Core/Src/syscalls.o
 .debug_rnglists
                0x00000450       0x13 ./Core/Src/sysmem.o
 .debug_rnglists
                0x00000463       0x1a ./Core/Src/system_stm32l1xx.o
 .debug_rnglists
                0x0000047d       0x47 ./Core/Src/vector.o
 .debug_rnglists
                0x000004c4       0x19 ./Core/Startup/startup_stm32l152retx.o
 .debug_rnglists
                0x000004dd       0xa3 ./Drivers/STM32L1xx_HAL_Driver/Src/stm32l1xx_hal.o
 .debug_rnglists
                0x00000580       0xce ./Drivers/STM32L1xx_HAL_Driver/Src/stm32l1xx_hal_cortex.o
 .debug_rnglists
                0x0000064e       0x3f ./Drivers/STM32L1xx_HAL_Driver/Src/stm32l1xx_hal_gpio.o
 .debug_rnglists
                0x0000068d       0x6d ./Drivers/STM32L1xx_HAL_Driver/Src/stm32l1xx_hal_rcc.o
 .debug_rnglists
                0x000006fa      0x1bc ./Drivers/STM32L1xx_HAL_Driver/Src/stm32l1xx_hal_uart.o

.debug_macro    0x00000000    0x16191
 .debug_macro   0x00000000       0x99 ./Core/Src/code.o
 .debug_macro   0x00000099       0x28 ./Core/Src/code.o
 .debug_macro   0x000000c1       0xd0 ./Core/Src/code.o
 .debug_macro   0x00000191      0x166 ./Core/Src/fft.o
 .debug_macro   0x000002f7      0x187 ./Core/Src/fips202.o
 .debug_macro   0x0000047e       0x16 ./Core/Src/fips202.o
 .debug_macro   0x00000494       0x2e ./Core/Src/fips202.o
 .debug_macro   0x000004c2       0x8e ./Core/Src/gf.o
 .debug_macro   0x00000550       0x8e ./Core/Src/gf2x.o
 .debug_macro   0x000005de      0x200 ./Core/Src/hqc.o
 .debug_macro   0x000007de       0x10 ./Core/Src/hqc.o
 .debug_macro   0x000007ee       0x10 ./Core/Src/hqc.o
 .debug_macro   0x000007fe       0x1c ./Core/Src/hqc.o
 .debug_macro   0x0000081a       0x52 ./Core/Src/hqc.o
 .debug_macro   0x0000086c       0x22 ./Core/Src/hqc.o
 .debug_macro   0x0000088e       0x10 ./Core/Src/hqc.o
 .debug_macro   0x0000089e       0x52 ./Core/Src/hqc.o
 .debug_macro   0x000008f0       0xcf ./Core/Src/hqc.o
 .debug_macro   0x000009bf       0x1c ./Core/Src/hqc.o
 .debug_macro   0x000009db       0x3d ./Core/Src/hqc.o
 .debug_macro   0x00000a18      0x51a ./Core/Src/hqc.o
 .debug_macro   0x00000f32      0x277 ./Core/Src/kem.o
 .debug_macro   0x000011a9       0x22 ./Core/Src/kem.o
 .debug_macro   0x000011cb       0x22 ./Core/Src/kem.o
 .debug_macro   0x000011ed      0x1bd ./Core/Src/main.o
 .debug_macro   0x000013aa      0x109 ./Core/Src/main.o
 .debug_macro   0x000014b3       0x2e ./Core/Src/main.o
 .debug_macro   0x000014e1       0x22 ./Core/Src/main.o
 .debug_macro   0x00001503       0x1c ./Core/Src/main.o
 .debug_macro   0x0000151f       0x22 ./Core/Src/main.o
 .debug_macro   0x00001541       0xbd ./Core/Src/main.o
 .debug_macro   0x000015fe      0xe49 ./Core/Src/main.o
 .debug_macro   0x00002447      0x11f ./Core/Src/main.o
 .debug_macro   0x00002566     0xb56a ./Core/Src/main.o
 .debug_macro   0x0000dad0       0x6d ./Core/Src/main.o
 .debug_macro   0x0000db3d     0x34cc ./Core/Src/main.o
 .debug_macro   0x00011009       0x5b ./Core/Src/main.o
 .debug_macro   0x00011064      0xe37 ./Core/Src/main.o
 .debug_macro   0x00011e9b      0x35b ./Core/Src/main.o
 .debug_macro   0x000121f6      0x1b8 ./Core/Src/main.o
 .debug_macro   0x000123ae       0xc5 ./Core/Src/main.o
 .debug_macro   0x00012473      0x21e ./Core/Src/main.o
 .debug_macro   0x00012691      0x236 ./Core/Src/main.o
 .debug_macro   0x000128c7      0x115 ./Core/Src/main.o
 .debug_macro   0x000129dc      0x567 ./Core/Src/main.o
 .debug_macro   0x00012f43      0x1e9 ./Core/Src/main.o
 .debug_macro   0x0001312c       0x22 ./Core/Src/main.o
 .debug_macro   0x0001314e      0x2aa ./Core/Src/main.o
 .debug_macro   0x000133f8      0x170 ./Core/Src/main.o
 .debug_macro   0x00013568      0x492 ./Core/Src/main.o
 .debug_macro   0x000139fa       0x58 ./Core/Src/main.o
 .debug_macro   0x00013a52      0x191 ./Core/Src/parsing.o
 .debug_macro   0x00013be3      0x189 ./Core/Src/randombytes.o
 .debug_macro   0x00013d6c       0xdd ./Core/Src/randombytes.o
 .debug_macro   0x00013e49       0x20 ./Core/Src/randombytes.o
 .debug_macro   0x00013e69       0xc5 ./Core/Src/randombytes.o
 .debug_macro   0x00013f2e      0x16a ./Core/Src/reed_muller.o
 .debug_macro   0x00014098      0x170 ./Core/Src/reed_solomon.o
 .debug_macro   0x00014208       0x89 ./Core/Src/shake_ds.o
 .debug_macro   0x00014291       0x96 ./Core/Src/shake_prng.o
 .debug_macro   0x00014327      0x1aa ./Core/Src/stm32l1xx_hal_msp.o
 .debug_macro   0x000144d1      0x1b4 ./Core/Src/stm32l1xx_it.o
 .debug_macro   0x00014685      0x274 ./Core/Src/syscalls.o
 .debug_macro   0x000148f9       0x5b ./Core/Src/syscalls.o
 .debug_macro   0x00014954       0x94 ./Core/Src/syscalls.o
 .debug_macro   0x000149e8       0x57 ./Core/Src/syscalls.o
 .debug_macro   0x00014a3f       0x10 ./Core/Src/syscalls.o
 .debug_macro   0x00014a4f       0x10 ./Core/Src/syscalls.o
 .debug_macro   0x00014a5f       0x10 ./Core/Src/syscalls.o
 .debug_macro   0x00014a6f       0x35 ./Core/Src/syscalls.o
 .debug_macro   0x00014aa4      0x12c ./Core/Src/syscalls.o
 .debug_macro   0x00014bd0       0x10 ./Core/Src/syscalls.o
 .debug_macro   0x00014be0      0x242 ./Core/Src/syscalls.o
 .debug_macro   0x00014e22       0x1c ./Core/Src/syscalls.o
 .debug_macro   0x00014e3e       0x10 ./Core/Src/syscalls.o
 .debug_macro   0x00014e4e       0x10 ./Core/Src/syscalls.o
 .debug_macro   0x00014e5e       0x16 ./Core/Src/syscalls.o
 .debug_macro   0x00014e74      0x146 ./Core/Src/syscalls.o
 .debug_macro   0x00014fba      0x18a ./Core/Src/syscalls.o
 .debug_macro   0x00015144       0x16 ./Core/Src/syscalls.o
 .debug_macro   0x0001515a       0xce ./Core/Src/syscalls.o
 .debug_macro   0x00015228       0xff ./Core/Src/sysmem.o
 .debug_macro   0x00015327      0x23c ./Core/Src/sysmem.o
 .debug_macro   0x00015563      0x19b ./Core/Src/system_stm32l1xx.o
 .debug_macro   0x000156fe      0x24e ./Core/Src/vector.o
 .debug_macro   0x0001594c      0x1bf ./Drivers/STM32L1xx_HAL_Driver/Src/stm32l1xx_hal.o
 .debug_macro   0x00015b0b      0x19b ./Drivers/STM32L1xx_HAL_Driver/Src/stm32l1xx_hal_cortex.o
 .debug_macro   0x00015ca6      0x1a2 ./Drivers/STM32L1xx_HAL_Driver/Src/stm32l1xx_hal_gpio.o
 .debug_macro   0x00015e48      0x1ad ./Drivers/STM32L1xx_HAL_Driver/Src/stm32l1xx_hal_rcc.o
 .debug_macro   0x00015ff5      0x19c ./Drivers/STM32L1xx_HAL_Driver/Src/stm32l1xx_hal_uart.o

.debug_line     0x00000000     0xfbb8
 .debug_line    0x00000000      0x417 ./Core/Src/code.o
 .debug_line    0x00000417      0xc38 ./Core/Src/fft.o
 .debug_line    0x0000104f     0x19c1 ./Core/Src/fips202.o
 .debug_line    0x00002a10      0x69a ./Core/Src/gf.o
 .debug_line    0x000030aa      0x85c ./Core/Src/gf2x.o
 .debug_line    0x00003906      0x66d ./Core/Src/hqc.o
 .debug_line    0x00003f73      0x728 ./Core/Src/kem.o
 .debug_line    0x0000469b      0x7bd ./Core/Src/main.o
 .debug_line    0x00004e58      0x758 ./Core/Src/parsing.o
 .debug_line    0x000055b0      0x5c4 ./Core/Src/randombytes.o
 .debug_line    0x00005b74      0x895 ./Core/Src/reed_muller.o
 .debug_line    0x00006409      0xb9a ./Core/Src/reed_solomon.o
 .debug_line    0x00006fa3      0x3e3 ./Core/Src/shake_ds.o
 .debug_line    0x00007386      0x45b ./Core/Src/shake_prng.o
 .debug_line    0x000077e1      0x6e7 ./Core/Src/stm32l1xx_hal_msp.o
 .debug_line    0x00007ec8      0x75b ./Core/Src/stm32l1xx_it.o
 .debug_line    0x00008623      0x84b ./Core/Src/syscalls.o
 .debug_line    0x00008e6e      0x51c ./Core/Src/sysmem.o
 .debug_line    0x0000938a      0x739 ./Core/Src/system_stm32l1xx.o
 .debug_line    0x00009ac3      0xa1b ./Core/Src/vector.o
 .debug_line    0x0000a4de       0x79 ./Core/Startup/startup_stm32l152retx.o
 .debug_line    0x0000a557      0x95c ./Drivers/STM32L1xx_HAL_Driver/Src/stm32l1xx_hal.o
 .debug_line    0x0000aeb3      0xc27 ./Drivers/STM32L1xx_HAL_Driver/Src/stm32l1xx_hal_cortex.o
 .debug_line    0x0000bada      0x9d4 ./Drivers/STM32L1xx_HAL_Driver/Src/stm32l1xx_hal_gpio.o
 .debug_line    0x0000c4ae      0xe64 ./Drivers/STM32L1xx_HAL_Driver/Src/stm32l1xx_hal_rcc.o
 .debug_line    0x0000d312     0x28a6 ./Drivers/STM32L1xx_HAL_Driver/Src/stm32l1xx_hal_uart.o

.debug_str      0x00000000    0x88751
 .debug_str     0x00000000     0x41a9 ./Core/Src/code.o
                               0x4323 (size before relaxing)
 .debug_str     0x000041a9     0x3597 ./Core/Src/fft.o
                               0x782a (size before relaxing)
 .debug_str     0x00007740      0x65c ./Core/Src/fips202.o
                               0x781f (size before relaxing)